Component: ARM Compiler 5.05 update 1 (build 106) Tool: armlink [4d0efa]

==============================================================================

Section Cross References

    system_stm32f10x.o(i.SetSysClock) refers to system_stm32f10x.o(i.SetSysClockTo72) for SetSysClockTo72
    system_stm32f10x.o(i.SystemCoreClockUpdate) refers to system_stm32f10x.o(.data) for SystemCoreClock
    system_stm32f10x.o(i.SystemInit) refers to system_stm32f10x.o(i.SetSysClock) for SetSysClock
    startup_stm32f10x_md.o(STACK) refers (Special) to heapauxi.o(.text) for __use_two_region_memory
    startup_stm32f10x_md.o(HEAP) refers (Special) to heapauxi.o(.text) for __use_two_region_memory
    startup_stm32f10x_md.o(RESET) refers (Special) to heapauxi.o(.text) for __use_two_region_memory
    startup_stm32f10x_md.o(RESET) refers to startup_stm32f10x_md.o(STACK) for __initial_sp
    startup_stm32f10x_md.o(RESET) refers to startup_stm32f10x_md.o(.text) for Reset_Handler
    startup_stm32f10x_md.o(RESET) refers to stm32f10x_it.o(i.NMI_Handler) for NMI_Handler
    startup_stm32f10x_md.o(RESET) refers to stm32f10x_it.o(i.HardFault_Handler) for HardFault_Handler
    startup_stm32f10x_md.o(RESET) refers to stm32f10x_it.o(i.MemManage_Handler) for MemManage_Handler
    startup_stm32f10x_md.o(RESET) refers to stm32f10x_it.o(i.BusFault_Handler) for BusFault_Handler
    startup_stm32f10x_md.o(RESET) refers to stm32f10x_it.o(i.UsageFault_Handler) for UsageFault_Handler
    startup_stm32f10x_md.o(RESET) refers to port.o(.emb_text) for SVC_Handler
    startup_stm32f10x_md.o(RESET) refers to stm32f10x_it.o(i.DebugMon_Handler) for DebugMon_Handler
    startup_stm32f10x_md.o(RESET) refers to main.o(i.SysTick_Handler) for SysTick_Handler
    startup_stm32f10x_md.o(RESET) refers to key.o(i.EXTI1_IRQHandler) for EXTI1_IRQHandler
    startup_stm32f10x_md.o(RESET) refers to key.o(i.EXTI3_IRQHandler) for EXTI3_IRQHandler
    startup_stm32f10x_md.o(RESET) refers to key.o(i.EXTI9_5_IRQHandler) for EXTI9_5_IRQHandler
    startup_stm32f10x_md.o(RESET) refers to timer.o(i.TIM2_IRQHandler) for TIM2_IRQHandler
    startup_stm32f10x_md.o(RESET) refers to serial.o(i.USART1_IRQHandler) for USART1_IRQHandler
    startup_stm32f10x_md.o(RESET) refers to key.o(i.EXTI15_10_IRQHandler) for EXTI15_10_IRQHandler
    startup_stm32f10x_md.o(.text) refers (Special) to heapauxi.o(.text) for __use_two_region_memory
    startup_stm32f10x_md.o(.text) refers to system_stm32f10x.o(i.SystemInit) for SystemInit
    startup_stm32f10x_md.o(.text) refers to __main.o(!!!main) for __main
    startup_stm32f10x_md.o(.text) refers to startup_stm32f10x_md.o(HEAP) for Heap_Mem
    startup_stm32f10x_md.o(.text) refers to startup_stm32f10x_md.o(STACK) for Stack_Mem
    stm32f10x_adc.o(i.ADC_DeInit) refers to stm32f10x_rcc.o(i.RCC_APB2PeriphResetCmd) for RCC_APB2PeriphResetCmd
    stm32f10x_bkp.o(i.BKP_DeInit) refers to stm32f10x_rcc.o(i.RCC_BackupResetCmd) for RCC_BackupResetCmd
    stm32f10x_can.o(i.CAN_DeInit) refers to stm32f10x_rcc.o(i.RCC_APB1PeriphResetCmd) for RCC_APB1PeriphResetCmd
    stm32f10x_can.o(i.CAN_GetITStatus) refers to stm32f10x_can.o(i.CheckITStatus) for CheckITStatus
    stm32f10x_cec.o(i.CEC_DeInit) refers to stm32f10x_rcc.o(i.RCC_APB1PeriphResetCmd) for RCC_APB1PeriphResetCmd
    stm32f10x_dac.o(i.DAC_DeInit) refers to stm32f10x_rcc.o(i.RCC_APB1PeriphResetCmd) for RCC_APB1PeriphResetCmd
    stm32f10x_flash.o(i.FLASH_EnableWriteProtection) refers to stm32f10x_flash.o(i.FLASH_WaitForLastOperation) for FLASH_WaitForLastOperation
    stm32f10x_flash.o(i.FLASH_EraseAllBank1Pages) refers to stm32f10x_flash.o(i.FLASH_WaitForLastBank1Operation) for FLASH_WaitForLastBank1Operation
    stm32f10x_flash.o(i.FLASH_EraseAllPages) refers to stm32f10x_flash.o(i.FLASH_WaitForLastOperation) for FLASH_WaitForLastOperation
    stm32f10x_flash.o(i.FLASH_EraseOptionBytes) refers to stm32f10x_flash.o(i.FLASH_GetReadOutProtectionStatus) for FLASH_GetReadOutProtectionStatus
    stm32f10x_flash.o(i.FLASH_EraseOptionBytes) refers to stm32f10x_flash.o(i.FLASH_WaitForLastOperation) for FLASH_WaitForLastOperation
    stm32f10x_flash.o(i.FLASH_ErasePage) refers to stm32f10x_flash.o(i.FLASH_WaitForLastOperation) for FLASH_WaitForLastOperation
    stm32f10x_flash.o(i.FLASH_ProgramHalfWord) refers to stm32f10x_flash.o(i.FLASH_WaitForLastOperation) for FLASH_WaitForLastOperation
    stm32f10x_flash.o(i.FLASH_ProgramOptionByteData) refers to stm32f10x_flash.o(i.FLASH_WaitForLastOperation) for FLASH_WaitForLastOperation
    stm32f10x_flash.o(i.FLASH_ProgramWord) refers to stm32f10x_flash.o(i.FLASH_WaitForLastOperation) for FLASH_WaitForLastOperation
    stm32f10x_flash.o(i.FLASH_ReadOutProtection) refers to stm32f10x_flash.o(i.FLASH_WaitForLastOperation) for FLASH_WaitForLastOperation
    stm32f10x_flash.o(i.FLASH_UserOptionByteConfig) refers to stm32f10x_flash.o(i.FLASH_WaitForLastOperation) for FLASH_WaitForLastOperation
[...]
    .ARM.Collect$$libshutdown$$00000006      0x0800616e   Section        0  libshutdown2.o(.ARM.Collect$$libshutdown$$00000006)
    .ARM.Collect$$libshutdown$$00000009      0x0800616e   Section        0  libshutdown2.o(.ARM.Collect$$libshutdown$$00000009)
    .ARM.Collect$$libshutdown$$0000000B      0x0800616e   Section        0  libshutdown2.o(.ARM.Collect$$libshutdown$$0000000B)
    .ARM.Collect$$libshutdown$$0000000E      0x0800616e   Section        0  libshutdown2.o(.ARM.Collect$$libshutdown$$0000000E)
    .ARM.Collect$$libshutdown$$0000000F      0x0800616e   Section        2  libshutdown2.o(.ARM.Collect$$libshutdown$$0000000F)
    .ARM.Collect$$rtentry$$00000000          0x08006170   Section        0  __rtentry.o(.ARM.Collect$$rtentry$$00000000)
    .ARM.Collect$$rtentry$$00000002          0x08006170   Section        0  __rtentry2.o(.ARM.Collect$$rtentry$$00000002)
    .ARM.Collect$$rtentry$$00000004          0x08006170   Section        6  __rtentry4.o(.ARM.Collect$$rtentry$$00000004)
    .ARM.Collect$$rtentry$$00000009          0x08006176   Section        0  __rtentry2.o(.ARM.Collect$$rtentry$$00000009)
    .ARM.Collect$$rtentry$$0000000A          0x08006176   Section        4  __rtentry2.o(.ARM.Collect$$rtentry$$0000000A)
    .ARM.Collect$$rtentry$$0000000C          0x0800617a   Section        0  __rtentry2.o(.ARM.Collect$$rtentry$$0000000C)
    .ARM.Collect$$rtentry$$0000000D          0x0800617a   Section        8  __rtentry2.o(.ARM.Collect$$rtentry$$0000000D)
    .ARM.Collect$$rtexit$$00000000           0x08006182   Section        2  rtexit.o(.ARM.Collect$$rtexit$$00000000)
    .ARM.Collect$$rtexit$$00000002           0x08006184   Section        0  rtexit2.o(.ARM.Collect$$rtexit$$00000002)
    .ARM.Collect$$rtexit$$00000003           0x08006184   Section        4  rtexit2.o(.ARM.Collect$$rtexit$$00000003)
    .ARM.Collect$$rtexit$$00000004           0x08006188   Section        6  rtexit2.o(.ARM.Collect$$rtexit$$00000004)
    .emb_text                                0x08006190   Section      150  port.o(.emb_text)
    .emb_text                                0x08006228   Section        0  maybetermalloc1.o(.emb_text)
    .text                                    0x08006228   Section       64  startup_stm32f10x_md.o(.text)
    .text                                    0x08006268   Section        0  h1_alloc.o(.text)
    .text                                    0x080062c6   Section      138  rt_memcpy_v6.o(.text)
    .text                                    0x08006350   Section      100  rt_memcpy_w.o(.text)
    .text                                    0x080063b4   Section       16  aeabi_memset.o(.text)
    .text                                    0x080063c4   Section       68  rt_memclr.o(.text)
    .text                                    0x08006408   Section       78  rt_memclr_w.o(.text)
    .text                                    0x08006458   Section        0  localtime.o(.text)
    .text                                    0x08006464   Section        0  mktime.o(.text)
    _tm_carry                                0x08006465   Thumb Code    62  mktime.o(.text)
    .text                                    0x0800660c   Section        0  heapauxi.o(.text)
    .text                                    0x08006614   Section        8  rt_heap_descriptor_intlibspace.o(.text)
    .text                                    0x0800661c   Section        0  hguard.o(.text)
    .text                                    0x08006620   Section        0  init_alloc.o(.text)
    .text                                    0x080066aa   Section        0  h1_init.o(.text)
    .text                                    0x080066b8   Section        0  h1_free.o(.text)
    .text                                    0x08006708   Section        0  localtime_internal.o(.text)
    .text                                    0x080067c0   Section        8  libspace.o(.text)
    .text                                    0x080067c8   Section        0  h1_extend.o(.text)
    .text                                    0x080067fc   Section        0  defsig_rtmem_outer.o(.text)
    .text                                    0x0800680a   Section        2  use_no_semi.o(.text)
    .text                                    0x0800680c   Section        0  indicate_semi.o(.text)
    .text                                    0x0800680c   Section       74  sys_stackheap_outer.o(.text)
    .text                                    0x08006856   Section        0  exit.o(.text)
    .text                                    0x08006862   Section        0  defsig_exit.o(.text)
    .text                                    0x0800686c   Section        0  defsig_rtmem_inner.o(.text)
    .text                                    0x080068bc   Section        0  sys_exit.o(.text)
    .text                                    0x080068c8   Section        0  defsig_general.o(.text)
    .text                                    0x080068fa   Section        0  sys_wrch.o(.text)
    i.BKP_ReadBackupRegister                 0x08006908   Section        0  stm32f10x_bkp.o(i.BKP_ReadBackupRegister)
    i.BKP_WriteBackupRegister                0x08006924   Section        0  stm32f10x_bkp.o(i.BKP_WriteBackupRegister)
    i.BusFault_Handler                       0x08006940   Section        0  stm32f10x_it.o(i.BusFault_Handler)
    i.DebugMon_Handler                       0x08006944   Section        0  stm32f10x_it.o(i.DebugMon_Handler)
    i.EXTI15_10_IRQHandler                   0x08006948   Section        0  key.o(i.EXTI15_10_IRQHandler)
    i.EXTI1_IRQHandler                       0x080069a4   Section        0  key.o(i.EXTI1_IRQHandler)
    i.EXTI3_IRQHandler                       0x080069f8   Section        0  key.o(i.EXTI3_IRQHandler)
    i.EXTI9_5_IRQHandler                     0x08006a4c   Section        0  key.o(i.EXTI9_5_IRQHandler)
    i.EXTI_ClearITPendingBit                 0x08006aac   Section        0  stm32f10x_exti.o(i.EXTI_ClearITPendingBit)
    i.EXTI_GetITStatus                       0x08006ab8   Section        0  stm32f10x_exti.o(i.EXTI_GetITStatus)
    i.EXTI_Init                              0x08006ae0   Section        0  stm32f10x_exti.o(i.EXTI_Init)
    i.FreeRTOS_Start                         0x08006b74   Section        0  freertos_demo.o(i.FreeRTOS_Start)
    i.Function_List                          0x08006ba4   Section        0  menu.o(i.Function_List)
    i.Function_init                          0x08006bc4   Section        0  menu.o(i.Function_init)
    i.Funtction_up_list                      0x08006be8   Section        0  menu.o(i.Funtction_up_list)
    i.GPIO_EXTILineConfig                    0x08006bf4   Section        0  stm32f10x_gpio.o(i.GPIO_EXTILineConfig)
    i.GPIO_Init                              0x08006c34   Section        0  stm32f10x_gpio.o(i.GPIO_Init)
    i.GPIO_ReadInputDataBit                  0x08006d4a   Section        0  stm32f10x_gpio.o(i.GPIO_ReadInputDataBit)
    i.GPIO_WriteBit                          0x08006d5c   Section        0  stm32f10x_gpio.o(i.GPIO_WriteBit)
    i.HardFault_Handler                      0x08006d66   Section        0  stm32f10x_it.o(i.HardFault_Handler)
    i.Key_Init                               0x08006d6c   Section        0  key.o(i.Key_Init)
    i.MemManage_Handler                      0x08006e54   Section        0  stm32f10x_it.o(i.MemManage_Handler)
    i.Menu_Init                              0x08006e58   Section        0  menu.o(i.Menu_Init)
    i.MyRTC_Init                             0x08006fbc   Section        0  myrtc.o(i.MyRTC_Init)
    i.MyRTC_ReadTime                         0x08007030   Section        0  myrtc.o(i.MyRTC_ReadTime)
    i.MyRTC_SetTime                          0x08007078   Section        0  myrtc.o(i.MyRTC_SetTime)
    i.NMI_Handler                            0x080070c4   Section        0  stm32f10x_it.o(i.NMI_Handler)
    i.NVIC_Init                              0x080070c8   Section        0  misc.o(i.NVIC_Init)
    i.NVIC_PriorityGroupConfig               0x08007138   Section        0  misc.o(i.NVIC_PriorityGroupConfig)
    i.OLED_Clear                             0x0800714c   Section        0  iic.o(i.OLED_Clear)
    i.OLED_Init                              0x08007176   Section        0  iic.o(i.OLED_Init)
    i.OLED_Pow                               0x08007224   Section        0  iic.o(i.OLED_Pow)
    i.OLED_SetCursor                         0x08007238   Section        0  iic.o(i.OLED_SetCursor)
    i.OLED_ShowChar                          0x0800725c   Section        0  iic.o(i.OLED_ShowChar)
    i.OLED_ShowIMG                           0x080072d0   Section        0  iic.o(i.OLED_ShowIMG)
    i.OLED_ShowIMG_point                     0x08007318   Section        0  iic.o(i.OLED_ShowIMG_point)
    i.OLED_ShowIMG_zero                      0x08007330   Section        0  iic.o(i.OLED_ShowIMG_zero)
    i.OLED_ShowNum                           0x0800735a   Section        0  iic.o(i.OLED_ShowNum)
    i.OLED_ShowString                        0x0800739e   Section        0  iic.o(i.OLED_ShowString)
    i.OLED_Showtime                          0x080073c8   Section        0  iic.o(i.OLED_Showtime)
    i.OLED_WriteData                         0x08007458   Section        0  iic.o(i.OLED_WriteData)
    i.PWR_BackupAccessCmd                    0x08007478   Section        0  stm32f10x_pwr.o(i.PWR_BackupAccessCmd)
    i.RCC_APB1PeriphClockCmd                 0x08007484   Section        0  stm32f10x_rcc.o(i.RCC_APB1PeriphClockCmd)
    i.RCC_APB2PeriphClockCmd                 0x080074a4   Section        0  stm32f10x_rcc.o(i.RCC_APB2PeriphClockCmd)
    i.RCC_GetFlagStatus                      0x080074c4   Section        0  stm32f10x_rcc.o(i.RCC_GetFlagStatus)
    i.RCC_LSEConfig                          0x08007500   Section        0  stm32f10x_rcc.o(i.RCC_LSEConfig)
    i.RCC_RTCCLKCmd                          0x08007534   Section        0  stm32f10x_rcc.o(i.RCC_RTCCLKCmd)
    i.RCC_RTCCLKConfig                       0x08007540   Section        0  stm32f10x_rcc.o(i.RCC_RTCCLKConfig)
    i.RTC_EnterConfigMode                    0x08007550   Section        0  stm32f10x_rtc.o(i.RTC_EnterConfigMode)
    i.RTC_ExitConfigMode                     0x08007564   Section        0  stm32f10x_rtc.o(i.RTC_ExitConfigMode)
    i.RTC_GetCounter                         0x08007578   Section        0  stm32f10x_rtc.o(i.RTC_GetCounter)
    i.RTC_SetCounter                         0x0800758c   Section        0  stm32f10x_rtc.o(i.RTC_SetCounter)
    i.RTC_SetPrescaler                       0x080075a8   Section        0  stm32f10x_rtc.o(i.RTC_SetPrescaler)
    i.RTC_WaitForLastTask                    0x080075c8   Section        0  stm32f10x_rtc.o(i.RTC_WaitForLastTask)
    i.RTC_WaitForSynchro                     0x080075dc   Section        0  stm32f10x_rtc.o(i.RTC_WaitForSynchro)
    i.SetSysClock                            0x08007600   Section        0  system_stm32f10x.o(i.SetSysClock)
    SetSysClock                              0x08007601   Thumb Code     8  system_stm32f10x.o(i.SetSysClock)
    i.SetSysClockTo72                        0x08007608   Section        0  system_stm32f10x.o(i.SetSysClockTo72)
    SetSysClockTo72                          0x08007609   Thumb Code   214  system_stm32f10x.o(i.SetSysClockTo72)
    i.Start_Task                             0x080076e8   Section        0  freertos_demo.o(i.Start_Task)
    i.SysTick_Handler                        0x080077c4   Section        0  main.o(i.SysTick_Handler)
    i.SystemInit                             0x080077d4   Section        0  system_stm32f10x.o(i.SystemInit)
    i.TIM2_IRQHandler                        0x08007834   Section        0  timer.o(i.TIM2_IRQHandler)
    i.TIM_ClearFlag                          0x0800784c   Section        0  stm32f10x_tim.o(i.TIM_ClearFlag)
    i.TIM_GetITStatus                        0x08007852   Section        0  stm32f10x_tim.o(i.TIM_GetITStatus)
    i.Task1                                  0x08007874   Section        0  freertos_demo.o(i.Task1)
    i.Task2                                  0x08007934   Section        0  freertos_demo.o(i.Task2)
    i.Task3                                  0x08007ad0   Section        0  freertos_demo.o(i.Task3)
    i.USART1_IRQHandler                      0x08007b44   Section        0  serial.o(i.USART1_IRQHandler)
    i.USART_ClearITPendingBit                0x08007b7c   Section        0  stm32f10x_usart.o(i.USART_ClearITPendingBit)
    i.USART_GetFlagStatus                    0x08007b9a   Section        0  stm32f10x_usart.o(i.USART_GetFlagStatus)
    i.USART_ReceiveData                      0x08007bb4   Section        0  stm32f10x_usart.o(i.USART_ReceiveData)
    i.UsageFault_Handler                     0x08007bbe   Section        0  stm32f10x_it.o(i.UsageFault_Handler)
    i.iic_cmd                                0x08007bc2   Section        0  iic.o(i.iic_cmd)
    i.iic_init                               0x08007be4   Section        0  iic.o(i.iic_init)
    i.iic_send_byte                          0x08007c44   Section        0  iic.o(i.iic_send_byte)
    i.iic_start                              0x08007c9c   Section        0  iic.o(i.iic_start)
    i.iic_stop                               0x08007cd0   Section        0  iic.o(i.iic_stop)
    i.main                                   0x08007cf8   Section        0  main.o(i.main)
    i.prvAddCurrentTaskToDelayedList         0x08007d20   Section        0  tasks.o(i.prvAddCurrentTaskToDelayedList)
    prvAddCurrentTaskToDelayedList           0x08007d21   Thumb Code   164  tasks.o(i.prvAddCurrentTaskToDelayedList)
    i.prvAddNewTaskToReadyList               0x08007de0   Section        0  tasks.o(i.prvAddNewTaskToReadyList)
    prvAddNewTaskToReadyList                 0x08007de1   Thumb Code   206  tasks.o(i.prvAddNewTaskToReadyList)
    i.prvCheckForValidListAndQueue           0x08007ecc   Section        0  timers.o(i.prvCheckForValidListAndQueue)
    prvCheckForValidListAndQueue             0x08007ecd   Thumb Code    56  timers.o(i.prvCheckForValidListAndQueue)
    i.prvCheckTasksWaitingTermination        0x08007f18   Section        0  tasks.o(i.prvCheckTasksWaitingTermination)
    prvCheckTasksWaitingTermination          0x08007f19   Thumb Code    60  tasks.o(i.prvCheckTasksWaitingTermination)
    i.prvCopyDataFromQueue                   0x08007f60   Section        0  queue.o(i.prvCopyDataFromQueue)
    prvCopyDataFromQueue                     0x08007f61   Thumb Code    42  queue.o(i.prvCopyDataFromQueue)
    i.prvCopyDataToQueue                     0x08007f8a   Section        0  queue.o(i.prvCopyDataToQueue)
    prvCopyDataToQueue                       0x08007f8b   Thumb Code   106  queue.o(i.prvCopyDataToQueue)
    i.prvDeleteTCB                           0x08007ff4   Section        0  tasks.o(i.prvDeleteTCB)
    prvDeleteTCB                             0x08007ff5   Thumb Code    18  tasks.o(i.prvDeleteTCB)
    i.prvGetNextExpireTime                   0x08008008   Section        0  timers.o(i.prvGetNextExpireTime)
    prvGetNextExpireTime                     0x08008009   Thumb Code    36  timers.o(i.prvGetNextExpireTime)
    i.prvHeapInit                            0x08008030   Section        0  heap_4.o(i.prvHeapInit)
    prvHeapInit                              0x08008031   Thumb Code    90  heap_4.o(i.prvHeapInit)
    i.prvIdleTask                            0x080080a0   Section        0  tasks.o(i.prvIdleTask)
    prvIdleTask                              0x080080a1   Thumb Code    32  tasks.o(i.prvIdleTask)
    i.prvInitialiseNewQueue                  0x080080c8   Section        0  queue.o(i.prvInitialiseNewQueue)
    prvInitialiseNewQueue                    0x080080c9   Thumb Code    46  queue.o(i.prvInitialiseNewQueue)
    i.prvInitialiseNewTask                   0x080080f6   Section        0  tasks.o(i.prvInitialiseNewTask)
    prvInitialiseNewTask                     0x080080f7   Thumb Code   136  tasks.o(i.prvInitialiseNewTask)
    i.prvInitialiseNewTimer                  0x0800817e   Section        0  timers.o(i.prvInitialiseNewTimer)
    prvInitialiseNewTimer                    0x0800817f   Thumb Code    56  timers.o(i.prvInitialiseNewTimer)
    i.prvInitialiseTaskLists                 0x080081b8   Section        0  tasks.o(i.prvInitialiseTaskLists)
    prvInitialiseTaskLists                   0x080081b9   Thumb Code    70  tasks.o(i.prvInitialiseTaskLists)
    i.prvInsertBlockIntoFreeList             0x08008220   Section        0  heap_4.o(i.prvInsertBlockIntoFreeList)
    prvInsertBlockIntoFreeList               0x08008221   Thumb Code    96  heap_4.o(i.prvInsertBlockIntoFreeList)
    i.prvInsertTimerInActiveList             0x08008288   Section        0  timers.o(i.prvInsertTimerInActiveList)
    prvInsertTimerInActiveList               0x08008289   Thumb Code    80  timers.o(i.prvInsertTimerInActiveList)
    i.prvIsQueueEmpty                        0x080082e0   Section        0  queue.o(i.prvIsQueueEmpty)
    prvIsQueueEmpty                          0x080082e1   Thumb Code    26  queue.o(i.prvIsQueueEmpty)
    i.prvIsQueueFull                         0x080082fa   Section        0  queue.o(i.prvIsQueueFull)
    prvIsQueueFull                           0x080082fb   Thumb Code    30  queue.o(i.prvIsQueueFull)
    i.prvNotifyQueueSetContainer             0x08008318   Section        0  queue.o(i.prvNotifyQueueSetContainer)
    prvNotifyQueueSetContainer               0x08008319   Thumb Code    88  queue.o(i.prvNotifyQueueSetContainer)
    i.prvProcessExpiredTimer                 0x08008370   Section        0  timers.o(i.prvProcessExpiredTimer)
    prvProcessExpiredTimer                   0x08008371   Thumb Code    62  timers.o(i.prvProcessExpiredTimer)
    i.prvProcessReceivedCommands             0x080083b4   Section        0  timers.o(i.prvProcessReceivedCommands)
    prvProcessReceivedCommands               0x080083b5   Thumb Code   244  timers.o(i.prvProcessReceivedCommands)
    i.prvProcessTimerOrBlockTask             0x080084ac   Section        0  timers.o(i.prvProcessTimerOrBlockTask)
    prvProcessTimerOrBlockTask               0x080084ad   Thumb Code   102  timers.o(i.prvProcessTimerOrBlockTask)
    i.prvReloadTimer                         0x08008520   Section        0  timers.o(i.prvReloadTimer)
    prvReloadTimer                           0x08008521   Thumb Code    40  timers.o(i.prvReloadTimer)
    i.prvResetNextTaskUnblockTime            0x08008548   Section        0  tasks.o(i.prvResetNextTaskUnblockTime)
    prvResetNextTaskUnblockTime              0x08008549   Thumb Code    40  tasks.o(i.prvResetNextTaskUnblockTime)
    i.prvSampleTimeNow                       0x08008578   Section        0  timers.o(i.prvSampleTimeNow)
    prvSampleTimeNow                         0x08008579   Thumb Code    40  timers.o(i.prvSampleTimeNow)
    i.prvSwitchTimerLists                    0x080085a4   Section        0  timers.o(i.prvSwitchTimerLists)
    prvSwitchTimerLists                      0x080085a5   Thumb Code    58  timers.o(i.prvSwitchTimerLists)
    i.prvTaskExitError                       0x080085e8   Section        0  port.o(i.prvTaskExitError)
    prvTaskExitError                         0x080085e9   Thumb Code    22  port.o(i.prvTaskExitError)
    i.prvTaskIsTaskSuspended                 0x08008600   Section        0  tasks.o(i.prvTaskIsTaskSuspended)
    prvTaskIsTaskSuspended                   0x08008601   Thumb Code    56  tasks.o(i.prvTaskIsTaskSuspended)
    i.prvTimerTask                           0x08008640   Section        0  timers.o(i.prvTimerTask)
    prvTimerTask                             0x08008641   Thumb Code    26  timers.o(i.prvTimerTask)
    i.prvUnlockQueue                         0x0800865a   Section        0  queue.o(i.prvUnlockQueue)
    prvUnlockQueue                           0x0800865b   Thumb Code   144  queue.o(i.prvUnlockQueue)
    i.pvPortMalloc                           0x080086ec   Section        0  heap_4.o(i.pvPortMalloc)
    i.pxPortInitialiseStack                  0x080087d0   Section        0  port.o(i.pxPortInitialiseStack)
    i.timer1_callback                        0x080087f4   Section        0  freertos_demo.o(i.timer1_callback)
    i.uxListRemove                           0x08008820   Section        0  list.o(i.uxListRemove)
    i.uxTaskGetNumberOfTasks                 0x08008848   Section        0  tasks.o(i.uxTaskGetNumberOfTasks)
    i.vListInitialise                        0x08008854   Section        0  list.o(i.vListInitialise)
    i.vListInitialiseItem                    0x0800886e   Section        0  list.o(i.vListInitialiseItem)
    i.vListInsert                            0x08008874   Section        0  list.o(i.vListInsert)
    i.vListInsertEnd                         0x080088a8   Section        0  list.o(i.vListInsertEnd)
    i.vPortEnterCritical                     0x080088c0   Section        0  port.o(i.vPortEnterCritical)
    i.vPortExitCritical                      0x080088e4   Section        0  port.o(i.vPortExitCritical)
    i.vPortFree                              0x08008904   Section        0  heap_4.o(i.vPortFree)
    i.vPortSetupTimerInterrupt               0x08008950   Section        0  port.o(i.vPortSetupTimerInterrupt)
    i.vQueueWaitForMessageRestricted         0x08008968   Section        0  queue.o(i.vQueueWaitForMessageRestricted)
    i.vTaskDelay                             0x080089b4   Section        0  tasks.o(i.vTaskDelay)
    i.vTaskDelete                            0x080089e8   Section        0  tasks.o(i.vTaskDelete)
    i.vTaskInternalSetTimeOutState           0x08008abc   Section        0  tasks.o(i.vTaskInternalSetTimeOutState)
    i.vTaskMissedYield                       0x08008ad4   Section        0  tasks.o(i.vTaskMissedYield)
    i.vTaskPlaceOnEventList                  0x08008ae0   Section        0  tasks.o(i.vTaskPlaceOnEventList)
    i.vTaskPlaceOnEventListRestricted        0x08008b00   Section        0  tasks.o(i.vTaskPlaceOnEventListRestricted)
    i.vTaskResume                            0x08008b4c   Section        0  tasks.o(i.vTaskResume)
    i.vTaskStartScheduler                    0x08008bf8   Section        0  tasks.o(i.vTaskStartScheduler)
    i.vTaskSuspend                           0x08008c70   Section        0  tasks.o(i.vTaskSuspend)
    i.vTaskSuspendAll                        0x08008d48   Section        0  tasks.o(i.vTaskSuspendAll)
    i.vTaskSwitchContext                     0x08008d58   Section        0  tasks.o(i.vTaskSwitchContext)
    i.xPortGetFreeHeapSize                   0x08008db8   Section        0  heap_4.o(i.xPortGetFreeHeapSize)
    i.xPortStartScheduler                    0x08008dc4   Section        0  port.o(i.xPortStartScheduler)
    i.xPortSysTickHandler                    0x08008e08   Section        0  port.o(i.xPortSysTickHandler)
    i.xQueueGenericCreate                    0x08008e3c   Section        0  queue.o(i.xQueueGenericCreate)
    i.xQueueGenericReset                     0x08008e88   Section        0  queue.o(i.xQueueGenericReset)
    i.xQueueGenericSend                      0x08008f28   Section        0  queue.o(i.xQueueGenericSend)
    i.xQueueGenericSendFromISR               0x08009070   Section        0  queue.o(i.xQueueGenericSendFromISR)
    i.xQueueReceive                          0x08009124   Section        0  queue.o(i.xQueueReceive)
    i.xTaskCheckForTimeOut                   0x08009228   Section        0  tasks.o(i.xTaskCheckForTimeOut)
    i.xTaskCreate                            0x08009288   Section        0  tasks.o(i.xTaskCreate)
    i.xTaskGetSchedulerState                 0x080092f0   Section        0  tasks.o(i.xTaskGetSchedulerState)
    i.xTaskGetTickCount                      0x08009310   Section        0  tasks.o(i.xTaskGetTickCount)
    i.xTaskIncrementTick                     0x0800931c   Section        0  tasks.o(i.xTaskIncrementTick)
    i.xTaskRemoveFromEventList               0x080094ac   Section        0  tasks.o(i.xTaskRemoveFromEventList)
    i.xTaskResumeAll                         0x080095b4   Section        0  tasks.o(i.xTaskResumeAll)
    i.xTimerCreate                           0x08009710   Section        0  timers.o(i.xTimerCreate)
    i.xTimerCreateTimerTask                  0x08009748   Section        0  timers.o(i.xTimerCreateTimerTask)
    i.xTimerGenericCommand                   0x08009784   Section        0  timers.o(i.xTimerGenericCommand)
    .constdata                               0x080097f0   Section     4144  iic.o(.constdata)
    .constdata                               0x0800a820   Section     2304  menu.o(.constdata)
    .constdata                               0x0800b120   Section       12  _monlen.o(.constdata)
    .data                                    0x20000000   Section        2  serial.o(.data)
    .data                                    0x20000002   Section        1  key.o(.data)
    .data                                    0x20000004   Section       12  myrtc.o(.data)
    .data                                    0x20000010   Section       32  freertos_demo.o(.data)
    time_flag                                0x20000029   Data           1  freertos_demo.o(.data)
    .data                                    0x20000030   Section       28  heap_4.o(.data)
    xStart                                   0x20000030   Data           8  heap_4.o(.data)
    pxEnd                                    0x20000038   Data           4  heap_4.o(.data)
    xFreeBytesRemaining                      0x2000003c   Data           4  heap_4.o(.data)
    xMinimumEverFreeBytesRemaining           0x20000040   Data           4  heap_4.o(.data)
    xNumberOfSuccessfulAllocations           0x20000044   Data           4  heap_4.o(.data)
    xNumberOfSuccessfulFrees                 0x20000048   Data           4  heap_4.o(.data)
    .data                                    0x2000004c   Section       64  tasks.o(.data)
    pxDelayedTaskList                        0x20000050   Data           4  tasks.o(.data)
    pxOverflowDelayedTaskList                0x20000054   Data           4  tasks.o(.data)
    uxDeletedTasksWaitingCleanUp             0x20000058   Data           4  tasks.o(.data)
    uxCurrentNumberOfTasks                   0x2000005c   Data           4  tasks.o(.data)
    xTickCount                               0x20000060   Data           4  tasks.o(.data)
    uxTopReadyPriority                       0x20000064   Data           4  tasks.o(.data)
    xSchedulerRunning                        0x20000068   Data           4  tasks.o(.data)
    xPendedTicks                             0x2000006c   Data           4  tasks.o(.data)
    xYieldPending                            0x20000070   Data           4  tasks.o(.data)
    xNumOfOverflows                          0x20000074   Data           4  tasks.o(.data)
    uxTaskNumber                             0x20000078   Data           4  tasks.o(.data)
    xNextTaskUnblockTime                     0x2000007c   Data           4  tasks.o(.data)
    xIdleTaskHandle                          0x20000080   Data           4  tasks.o(.data)
    uxSchedulerSuspended                     0x20000088   Data           4  tasks.o(.data)
    .data                                    0x2000008c   Section       20  timers.o(.data)
    pxCurrentTimerList                       0x2000008c   Data           4  timers.o(.data)
    pxOverflowTimerList                      0x20000090   Data           4  timers.o(.data)
    xTimerQueue                              0x20000094   Data           4  timers.o(.data)
    xTimerTaskHandle                         0x20000098   Data           4  timers.o(.data)
    xLastTime                                0x2000009c   Data           4  timers.o(.data)
    .data                                    0x200000a0   Section        4  port.o(.data)
    uxCriticalNesting                        0x200000a0   Data           4  port.o(.data)
    .bss                                     0x200000a4   Section       36  menu.o(.bss)
    .bss                                     0x200000c8   Section    17408  heap_4.o(.bss)
    ucHeap                                   0x200000c8   Data       17408  heap_4.o(.bss)
    .bss                                     0x200044c8   Section      200  tasks.o(.bss)
    pxReadyTasksLists                        0x200044c8   Data         100  tasks.o(.bss)
    xDelayedTaskList1                        0x2000452c   Data          20  tasks.o(.bss)
    xDelayedTaskList2                        0x20004540   Data          20  tasks.o(.bss)
    xPendingReadyList                        0x20004554   Data          20  tasks.o(.bss)
    xTasksWaitingTermination                 0x20004568   Data          20  tasks.o(.bss)
    xSuspendedTaskList                       0x2000457c   Data          20  tasks.o(.bss)
    .bss                                     0x20004590   Section       40  timers.o(.bss)
    xActiveTimerList1                        0x20004590   Data          20  timers.o(.bss)
    xActiveTimerList2                        0x200045a4   Data          20  timers.o(.bss)
    .bss                                     0x200045b8   Section       44  localtime.o(.bss)
    _tms                                     0x200045b8   Data          44  localtime.o(.bss)
    .bss                                     0x200045e4   Section       96  libspace.o(.bss)
    HEAP                                     0x20004648   Section      512  startup_stm32f10x_md.o(HEAP)
    Heap_Mem                                 0x20004648   Data         512  startup_stm32f10x_md.o(HEAP)
    STACK                                    0x20004848   Section     1024  startup_stm32f10x_md.o(STACK)
    Stack_Mem                                0x20004848   Data        1024  startup_stm32f10x_md.o(STACK)
    __initial_sp                             0x20004c48   Data           0  startup_stm32f10x_md.o(STACK)

    Global Symbols

    Symbol Name                              Value     Ov Type        Size  Object(Section)

    BuildAttributes$$THM_ISAv4$P$D$K$B$S$PE$A:L22UL41UL21$X:L11$S22US41US21$IEEE1$IW$USESV6$~STKCKD$USESV7$~SHL$OTIME$ROPI$EBA8$UX$STANDARDLIB$REQ8$PRES8$EABIv2 0x00000000   Number         0  anon$$obj.o ABSOLUTE
    __ARM_use_no_argv                        0x00000000   Number         0  main.o ABSOLUTE
    __ARM_exceptions_init                     - Undefined Weak Reference
    __alloca_initialize                       - Undefined Weak Reference
    __arm_preinit_                            - Undefined Weak Reference
    __cpp_initialize__aeabi_                  - Undefined Weak Reference
    __cxa_finalize                            - Undefined Weak Reference
    __rt_locale                               - Undefined Weak Reference
    __sigvec_lookup                           - Undefined Weak Reference
    __user_heap_extent                        - Undefined Weak Reference
    _atexit_init                              - Undefined Weak Reference
    _call_atexit_fns                          - Undefined Weak Reference
    _clock_init                               - Undefined Weak Reference
    _fp_trap_init                             - Undefined Weak Reference
    _fp_trap_shutdown                         - Undefined Weak Reference
    _get_lc_collate                           - Undefined Weak Reference
    _get_lc_ctype                             - Undefined Weak Reference
    _get_lc_monetary                          - Undefined Weak Reference
    _get_lc_numeric                           - Undefined Weak Reference
    _get_lc_time                              - Undefined Weak Reference
    _getenv_init                              - Undefined Weak Reference
    _handle_redirection                       - Undefined Weak Reference
    _initio                                   - Undefined Weak Reference
    _mutex_acquire                            - Undefined Weak Reference
    _mutex_free                               - Undefined Weak Reference
    _mutex_release                            - Undefined Weak Reference
    _printf_mbtowc                            - Undefined Weak Reference
    _printf_post_padding                      - Undefined Weak Reference
    _printf_pre_padding                       - Undefined Weak Reference
    _printf_truncate_signed                   - Undefined Weak Reference
    _printf_truncate_unsigned                 - Undefined Weak Reference
    _rand_init                                - Undefined Weak Reference
    _signal_finish                            - Undefined Weak Reference
    _signal_init                              - Undefined Weak Reference
    _terminateio                              - Undefined Weak Reference
    __Vectors_Size                           0x000000ec   Number         0  startup_stm32f10x_md.o ABSOLUTE
    __Vectors                                0x08006000   Data           4  startup_stm32f10x_md.o(RESET)
    __Vectors_End                            0x080060ec   Data           0  startup_stm32f10x_md.o(RESET)
    __main                                   0x080060ed   Thumb Code     8  __main.o(!!!main)
    __scatterload                            0x080060f5   Thumb Code     0  __scatter.o(!!!scatter)
    __scatterload_rt2                        0x080060f5   Thumb Code    44  __scatter.o(!!!scatter)
    __scatterload_rt2_thumb_only             0x080060f5   Thumb Code     0  __scatter.o(!!!scatter)
    __scatterload_null                       0x08006103   Thumb Code     0  __scatter.o(!!!scatter)
    __scatterload_copy                       0x08006129   Thumb Code    26  __scatter_copy.o(!!handler_copy)
    __scatterload_zeroinit                   0x08006145   Thumb Code    28  __scatter_zi.o(!!handler_zi)
    __rt_lib_init                            0x08006161   Thumb Code     0  libinit.o(.ARM.Collect$$libinit$$00000000)
    __rt_lib_init_fp_1                       0x08006163   Thumb Code     0  libinit2.o(.ARM.Collect$$libinit$$00000002)
    __rt_lib_init_heap_2                     0x08006163   Thumb Code     0  libinit2.o(.ARM.Collect$$libinit$$00000005)
    __rt_lib_init_preinit_1                  0x08006163   Thumb Code     0  libinit2.o(.ARM.Collect$$libinit$$00000004)
    __rt_lib_init_alloca_1                   0x0800616b   Thumb Code     0  libinit2.o(.ARM.Collect$$libinit$$0000002E)
    __rt_lib_init_argv_1                     0x0800616b   Thumb Code     0  libinit2.o(.ARM.Collect$$libinit$$0000002C)
    __rt_lib_init_atexit_1                   0x0800616b   Thumb Code     0  libinit2.o(.ARM.Collect$$libinit$$0000001B)
    __rt_lib_init_clock_1                    0x0800616b   Thumb Code     0  libinit2.o(.ARM.Collect$$libinit$$00000021)
    __rt_lib_init_cpp_1                      0x0800616b   Thumb Code     0  libinit2.o(.ARM.Collect$$libinit$$00000032)
    __rt_lib_init_exceptions_1               0x0800616b   Thumb Code     0  libinit2.o(.ARM.Collect$$libinit$$00000030)
    __rt_lib_init_fp_trap_1                  0x0800616b   Thumb Code     0  libinit2.o(.ARM.Collect$$libinit$$0000001F)
    __rt_lib_init_getenv_1                   0x0800616b   Thumb Code     0  libinit2.o(.ARM.Collect$$libinit$$00000023)
    __rt_lib_init_heap_1                     0x0800616b   Thumb Code     0  libinit2.o(.ARM.Collect$$libinit$$0000000A)
    __rt_lib_init_lc_collate_1               0x0800616b   Thumb Code     0  libinit2.o(.ARM.Collect$$libinit$$00000011)
    __rt_lib_init_lc_ctype_1                 0x0800616b   Thumb Code     0  libinit2.o(.ARM.Collect$$libinit$$00000013)
    __rt_lib_init_lc_monetary_1              0x0800616b   Thumb Code     0  libinit2.o(.ARM.Collect$$libinit$$00000015)
    __rt_lib_init_lc_numeric_1               0x0800616b   Thumb Code     0  libinit2.o(.ARM.Collect$$libinit$$00000017)
    __rt_lib_init_lc_time_1                  0x0800616b   Thumb Code     0  libinit2.o(.ARM.Collect$$libinit$$00000019)
    __rt_lib_init_rand_1                     0x0800616b   Thumb Code     0  libinit2.o(.ARM.Collect$$libinit$$0000000E)
    __rt_lib_init_return                     0x0800616b   Thumb Code     0  libinit2.o(.ARM.Collect$$libinit$$00000033)
    __rt_lib_init_signal_1                   0x0800616b   Thumb Code     0  libinit2.o(.ARM.Collect$$libinit$$0000001D)
    __rt_lib_init_stdio_1                    0x0800616b   Thumb Code     0  libinit2.o(.ARM.Collect$$libinit$$00000025)
    __rt_lib_init_user_alloc_1               0x0800616b   Thumb Code     0  libinit2.o(.ARM.Collect$$libinit$$0000000C)
    __rt_lib_shutdown                        0x0800616d   Thumb Code     0  libshutdown.o(.ARM.Collect$$libshutdown$$00000000)
    __rt_lib_shutdown_fp_trap_1              0x0800616f   Thumb Code     0  libshutdown2.o(.ARM.Collect$$libshutdown$$00000006)
    __rt_lib_shutdown_heap_1                 0x0800616f   Thumb Code     0  libshutdown2.o(.ARM.Collect$$libshutdown$$0000000E)
    __rt_lib_shutdown_return                 0x0800616f   Thumb Code     0  libshutdown2.o(.ARM.Collect$$libshutdown$$0000000F)
    __rt_lib_shutdown_signal_1               0x0800616f   Thumb Code     0  libshutdown2.o(.ARM.Collect$$libshutdown$$00000009)
    __rt_lib_shutdown_stdio_1                0x0800616f   Thumb Code     0  libshutdown2.o(.ARM.Collect$$libshutdown$$00000003)
    __rt_lib_shutdown_user_alloc_1           0x0800616f   Thumb Code     0  libshutdown2.o(.ARM.Collect$$libshutdown$$0000000B)
    __rt_entry                               0x08006171   Thumb Code     0  __rtentry.o(.ARM.Collect$$rtentry$$00000000)
    __rt_entry_presh_1                       0x08006171   Thumb Code     0  __rtentry2.o(.ARM.Collect$$rtentry$$00000002)
    __rt_entry_sh                            0x08006171   Thumb Code     0  __rtentry4.o(.ARM.Collect$$rtentry$$00000004)
    __rt_entry_li                            0x08006177   Thumb Code     0  __rtentry2.o(.ARM.Collect$$rtentry$$0000000A)
    __rt_entry_postsh_1                      0x08006177   Thumb Code     0  __rtentry2.o(.ARM.Collect$$rtentry$$00000009)
    __rt_entry_main                          0x0800617b   Thumb Code     0  __rtentry2.o(.ARM.Collect$$rtentry$$0000000D)
    __rt_entry_postli_1                      0x0800617b   Thumb Code     0  __rtentry2.o(.ARM.Collect$$rtentry$$0000000C)
    __rt_exit                                0x08006183   Thumb Code     0  rtexit.o(.ARM.Collect$$rtexit$$00000000)
    __rt_exit_ls                             0x08006185   Thumb Code     0  rtexit2.o(.ARM.Collect$$rtexit$$00000003)
    __rt_exit_prels_1                        0x08006185   Thumb Code     0  rtexit2.o(.ARM.Collect$$rtexit$$00000002)
    __rt_exit_exit                           0x08006189   Thumb Code     0  rtexit2.o(.ARM.Collect$$rtexit$$00000004)
    SVC_Handler                              0x08006191   Thumb Code    32  port.o(.emb_text)
    __asm___6_port_c_39a90d8d__prvStartFirstTask 0x080061b5   Thumb Code    28  port.o(.emb_text)
    PendSV_Handler                           0x080061d5   Thumb Code    72  port.o(.emb_text)
    vPortGetIPSR                             0x08006221   Thumb Code     6  port.o(.emb_text)
    Reset_Handler                            0x08006229   Thumb Code     8  startup_stm32f10x_md.o(.text)
    _maybe_terminate_alloc                   0x08006229   Thumb Code     0  maybetermalloc1.o(.emb_text)
    ADC1_2_IRQHandler                        0x08006243   Thumb Code     0  startup_stm32f10x_md.o(.text)
    CAN1_RX1_IRQHandler                      0x08006243   Thumb Code     0  startup_stm32f10x_md.o(.text)
    CAN1_SCE_IRQHandler                      0x08006243   Thumb Code     0  startup_stm32f10x_md.o(.text)
    DMA1_Channel1_IRQHandler                 0x08006243   Thumb Code     0  startup_stm32f10x_md.o(.text)
    DMA1_Channel2_IRQHandler                 0x08006243   Thumb Code     0  startup_stm32f10x_md.o(.text)
    DMA1_Channel3_IRQHandler                 0x08006243   Thumb Code     0  startup_stm32f10x_md.o(.text)
    DMA1_Channel4_IRQHandler                 0x08006243   Thumb Code     0  startup_stm32f10x_md.o(.text)
    DMA1_Channel5_IRQHandler                 0x08006243   Thumb Code     0  startup_stm32f10x_md.o(.text)
    DMA1_Channel6_IRQHandler                 0x08006243   Thumb Code     0  startup_stm32f10x_md.o(.text)
    DMA1_Channel7_IRQHandler                 0x08006243   Thumb Code     0  startup_stm32f10x_md.o(.text)
    EXTI0_IRQHandler                         0x08006243   Thumb Code     0  startup_stm32f10x_md.o(.text)
    EXTI2_IRQHandler                         0x08006243   Thumb Code     0  startup_stm32f10x_md.o(.text)
    EXTI4_IRQHandler                         0x08006243   Thumb Code     0  startup_stm32f10x_md.o(.text)
    FLASH_IRQHandler                         0x08006243   Thumb Code     0  startup_stm32f10x_md.o(.text)
    I2C1_ER_IRQHandler                       0x08006243   Thumb Code     0  startup_stm32f10x_md.o(.text)
    I2C1_EV_IRQHandler                       0x08006243   Thumb Code     0  startup_stm32f10x_md.o(.text)
    I2C2_ER_IRQHandler                       0x08006243   Thumb Code     0  startup_stm32f10x_md.o(.text)
    I2C2_EV_IRQHandler                       0x08006243   Thumb Code     0  startup_stm32f10x_md.o(.text)
    PVD_IRQHandler                           0x08006243   Thumb Code     0  startup_stm32f10x_md.o(.text)
    RCC_IRQHandler                           0x08006243   Thumb Code     0  startup_stm32f10x_md.o(.text)
    RTCAlarm_IRQHandler                      0x08006243   Thumb Code     0  startup_stm32f10x_md.o(.text)
    RTC_IRQHandler                           0x08006243   Thumb Code     0  startup_stm32f10x_md.o(.text)
    SPI1_IRQHandler                          0x08006243   Thumb Code     0  startup_stm32f10x_md.o(.text)
    SPI2_IRQHandler                          0x08006243   Thumb Code     0  startup_stm32f10x_md.o(.text)
    TAMPER_IRQHandler                        0x08006243   Thumb Code     0  startup_stm32f10x_md.o(.text)
    TIM1_BRK_IRQHandler                      0x08006243   Thumb Code     0  startup_stm32f10x_md.o(.text)
    TIM1_CC_IRQHandler                       0x08006243   Thumb Code     0  startup_stm32f10x_md.o(.text)
    TIM1_TRG_COM_IRQHandler                  0x08006243   Thumb Code     0  startup_stm32f10x_md.o(.text)
    TIM1_UP_IRQHandler                       0x08006243   Thumb Code     0  startup_stm32f10x_md.o(.text)
    TIM3_IRQHandler                          0x08006243   Thumb Code     0  startup_stm32f10x_md.o(.text)
    TIM4_IRQHandler                          0x08006243   Thumb Code     0  startup_stm32f10x_md.o(.text)
    USART2_IRQHandler                        0x08006243   Thumb Code     0  startup_stm32f10x_md.o(.text)
    USART3_IRQHandler                        0x08006243   Thumb Code     0  startup_stm32f10x_md.o(.text)
    USBWakeUp_IRQHandler                     0x08006243   Thumb Code     0  startup_stm32f10x_md.o(.text)
    USB_HP_CAN1_TX_IRQHandler                0x08006243   Thumb Code     0  startup_stm32f10x_md.o(.text)
    USB_LP_CAN1_RX0_IRQHandler               0x08006243   Thumb Code     0  startup_stm32f10x_md.o(.text)
    WWDG_IRQHandler                          0x08006243   Thumb Code     0  startup_stm32f10x_md.o(.text)
    __user_initial_stackheap                 0x08006245   Thumb Code     0  startup_stm32f10x_md.o(.text)
    malloc                                   0x08006269   Thumb Code    94  h1_alloc.o(.text)
    __aeabi_memcpy                           0x080062c7   Thumb Code     0  rt_memcpy_v6.o(.text)
    __rt_memcpy                              0x080062c7   Thumb Code   138  rt_memcpy_v6.o(.text)
    _memcpy_lastbytes                        0x0800632d   Thumb Code     0  rt_memcpy_v6.o(.text)
    __aeabi_memcpy4                          0x08006351   Thumb Code     0  rt_memcpy_w.o(.text)
    __aeabi_memcpy8                          0x08006351   Thumb Code     0  rt_memcpy_w.o(.text)
    __rt_memcpy_w                            0x08006351   Thumb Code   100  rt_memcpy_w.o(.text)
    _memcpy_lastbytes_aligned                0x08006399   Thumb Code     0  rt_memcpy_w.o(.text)
    __aeabi_memset                           0x080063b5   Thumb Code    16  aeabi_memset.o(.text)
    __aeabi_memclr                           0x080063c5   Thumb Code     0  rt_memclr.o(.text)
    __rt_memclr                              0x080063c5   Thumb Code    68  rt_memclr.o(.text)
    _memset                                  0x080063c9   Thumb Code     0  rt_memclr.o(.text)
    __aeabi_memclr4                          0x08006409   Thumb Code     0  rt_memclr_w.o(.text)
    __aeabi_memclr8                          0x08006409   Thumb Code     0  rt_memclr_w.o(.text)
    __rt_memclr_w                            0x08006409   Thumb Code    78  rt_memclr_w.o(.text)
    _memset_w                                0x0800640d   Thumb Code     0  rt_memclr_w.o(.text)
    localtime                                0x08006459   Thumb Code     6  localtime.o(.text)
    mktime                                   0x080064a3   Thumb Code   352  mktime.o(.text)
    __use_two_region_memory                  0x0800660d   Thumb Code     2  heapauxi.o(.text)
    __rt_heap_escrow                         0x0800660f   Thumb Code     2  heapauxi.o(.text)
    __rt_heap_expand                         0x08006611   Thumb Code     2  heapauxi.o(.text)
    __rt_heap_descriptor                     0x08006615   Thumb Code     8  rt_heap_descriptor_intlibspace.o(.text)
    __use_no_heap                            0x0800661d   Thumb Code     2  hguard.o(.text)
    __heap$guard                             0x0800661f   Thumb Code     2  hguard.o(.text)
    _terminate_user_alloc                    0x08006621   Thumb Code     2  init_alloc.o(.text)
    _init_user_alloc                         0x08006623   Thumb Code     2  init_alloc.o(.text)
    __Heap_Full                              0x08006625   Thumb Code    34  init_alloc.o(.text)
    __Heap_Broken                            0x08006647   Thumb Code     6  init_alloc.o(.text)
    _init_alloc                              0x0800664d   Thumb Code    94  init_alloc.o(.text)
    __Heap_Initialize                        0x080066ab   Thumb Code    10  h1_init.o(.text)
    __Heap_DescSize                          0x080066b5   Thumb Code     4  h1_init.o(.text)
    free                                     0x080066b9   Thumb Code    78  h1_free.o(.text)
    _localtime_r                             0x08006709   Thumb Code   178  localtime_internal.o(.text)
    _n$localtime_r                           0x08006709   Thumb Code     0  localtime_internal.o(.text)
    __user_libspace                          0x080067c1   Thumb Code     8  libspace.o(.text)
    __user_perproc_libspace                  0x080067c1   Thumb Code     0  libspace.o(.text)
    __user_perthread_libspace                0x080067c1   Thumb Code     0  libspace.o(.text)
    __Heap_ProvideMemory                     0x080067c9   Thumb Code    52  h1_extend.o(.text)
    __rt_SIGRTMEM                            0x080067fd   Thumb Code    14  defsig_rtmem_outer.o(.text)
    __I$use$semihosting                      0x0800680b   Thumb Code     0  use_no_semi.o(.text)
    __use_no_semihosting_swi                 0x0800680b   Thumb Code     2  use_no_semi.o(.text)
    __semihosting_library_function           0x0800680d   Thumb Code     0  indicate_semi.o(.text)
    __user_setup_stackheap                   0x0800680d   Thumb Code    74  sys_stackheap_outer.o(.text)
    exit                                     0x08006857   Thumb Code    12  exit.o(.text)
    __sig_exit                               0x08006863   Thumb Code    10  defsig_exit.o(.text)
    __rt_SIGRTMEM_inner                      0x0800686d   Thumb Code    22  defsig_rtmem_inner.o(.text)
    _sys_exit                                0x080068bd   Thumb Code     8  sys_exit.o(.text)
    __default_signal_display                 0x080068c9   Thumb Code    50  defsig_general.o(.text)
    _ttywrch                                 0x080068fb   Thumb Code    14  sys_wrch.o(.text)
    BKP_ReadBackupRegister                   0x08006909   Thumb Code    24  stm32f10x_bkp.o(i.BKP_ReadBackupRegister)
    BKP_WriteBackupRegister                  0x08006925   Thumb Code    22  stm32f10x_bkp.o(i.BKP_WriteBackupRegister)
    BusFault_Handler                         0x08006941   Thumb Code     4  stm32f10x_it.o(i.BusFault_Handler)
    DebugMon_Handler                         0x08006945   Thumb Code     2  stm32f10x_it.o(i.DebugMon_Handler)
    EXTI15_10_IRQHandler                     0x08006949   Thumb Code    74  key.o(i.EXTI15_10_IRQHandler)
    EXTI1_IRQHandler                         0x080069a5   Thumb Code    68  key.o(i.EXTI1_IRQHandler)
    EXTI3_IRQHandler                         0x080069f9   Thumb Code    68  key.o(i.EXTI3_IRQHandler)
    EXTI9_5_IRQHandler                       0x08006a4d   Thumb Code    80  key.o(i.EXTI9_5_IRQHandler)
    EXTI_ClearITPendingBit                   0x08006aad   Thumb Code     6  stm32f10x_exti.o(i.EXTI_ClearITPendingBit)
    EXTI_GetITStatus                         0x08006ab9   Thumb Code    34  stm32f10x_exti.o(i.EXTI_GetITStatus)
    EXTI_Init                                0x08006ae1   Thumb Code   142  stm32f10x_exti.o(i.EXTI_Init)
    FreeRTOS_Start                           0x08006b75   Thumb Code    28  freertos_demo.o(i.FreeRTOS_Start)
    Function_List                            0x08006ba5   Thumb Code    32  menu.o(i.Function_List)
    Function_init                            0x08006bc5   Thumb Code    36  menu.o(i.Function_init)
    Funtction_up_list                        0x08006be9   Thumb Code    10  menu.o(i.Funtction_up_list)
    GPIO_EXTILineConfig                      0x08006bf5   Thumb Code    60  stm32f10x_gpio.o(i.GPIO_EXTILineConfig)
    GPIO_Init                                0x08006c35   Thumb Code   278  stm32f10x_gpio.o(i.GPIO_Init)
    GPIO_ReadInputDataBit                    0x08006d4b   Thumb Code    18  stm32f10x_gpio.o(i.GPIO_ReadInputDataBit)
    GPIO_WriteBit                            0x08006d5d   Thumb Code    10  stm32f10x_gpio.o(i.GPIO_WriteBit)
    HardFault_Handler                        0x08006d67   Thumb Code     4  stm32f10x_it.o(i.HardFault_Handler)
    Key_Init                                 0x08006d6d   Thumb Code   224  key.o(i.Key_Init)
    MemManage_Handler                        0x08006e55   Thumb Code     4  stm32f10x_it.o(i.MemManage_Handler)
    Menu_Init                                0x08006e59   Thumb Code   254  menu.o(i.Menu_Init)
    MyRTC_Init                               0x08006fbd   Thumb Code   114  myrtc.o(i.MyRTC_Init)
    MyRTC_ReadTime                           0x08007031   Thumb Code    68  myrtc.o(i.MyRTC_ReadTime)
    MyRTC_SetTime                            0x08007079   Thumb Code    70  myrtc.o(i.MyRTC_SetTime)
    NMI_Handler                              0x080070c5   Thumb Code     2  stm32f10x_it.o(i.NMI_Handler)
    NVIC_Init                                0x080070c9   Thumb Code   100  misc.o(i.NVIC_Init)
    NVIC_PriorityGroupConfig                 0x08007139   Thumb Code    10  misc.o(i.NVIC_PriorityGroupConfig)
    OLED_Clear                               0x0800714d   Thumb Code    42  iic.o(i.OLED_Clear)
    OLED_Init                                0x08007177   Thumb Code   174  iic.o(i.OLED_Init)
    OLED_Pow                                 0x08007225   Thumb Code    20  iic.o(i.OLED_Pow)
    OLED_SetCursor                           0x08007239   Thumb Code    34  iic.o(i.OLED_SetCursor)
    OLED_ShowChar                            0x0800725d   Thumb Code   110  iic.o(i.OLED_ShowChar)
    OLED_ShowIMG                             0x080072d1   Thumb Code    72  iic.o(i.OLED_ShowIMG)
    OLED_ShowIMG_point                       0x08007319   Thumb Code    20  iic.o(i.OLED_ShowIMG_point)
    OLED_ShowIMG_zero                        0x08007331   Thumb Code    42  iic.o(i.OLED_ShowIMG_zero)
    OLED_ShowNum                             0x0800735b   Thumb Code    68  iic.o(i.OLED_ShowNum)
    OLED_ShowString                          0x0800739f   Thumb Code    40  iic.o(i.OLED_ShowString)
    OLED_Showtime                            0x080073c9   Thumb Code   136  iic.o(i.OLED_Showtime)
    OLED_WriteData                           0x08007459   Thumb Code    32  iic.o(i.OLED_WriteData)
    PWR_BackupAccessCmd                      0x08007479   Thumb Code     6  stm32f10x_pwr.o(i.PWR_BackupAccessCmd)
    RCC_APB1PeriphClockCmd                   0x08007485   Thumb Code    26  stm32f10x_rcc.o(i.RCC_APB1PeriphClockCmd)
    RCC_APB2PeriphClockCmd                   0x080074a5   Thumb Code    26  stm32f10x_rcc.o(i.RCC_APB2PeriphClockCmd)
    RCC_GetFlagStatus                        0x080074c5   Thumb Code    56  stm32f10x_rcc.o(i.RCC_GetFlagStatus)
    RCC_LSEConfig                            0x08007501   Thumb Code    46  stm32f10x_rcc.o(i.RCC_LSEConfig)
    RCC_RTCCLKCmd                            0x08007535   Thumb Code     6  stm32f10x_rcc.o(i.RCC_RTCCLKCmd)
    RCC_RTCCLKConfig                         0x08007541   Thumb Code    12  stm32f10x_rcc.o(i.RCC_RTCCLKConfig)
    RTC_EnterConfigMode                      0x08007551   Thumb Code    14  stm32f10x_rtc.o(i.RTC_EnterConfigMode)
    RTC_ExitConfigMode                       0x08007565   Thumb Code    16  stm32f10x_rtc.o(i.RTC_ExitConfigMode)
    RTC_GetCounter                           0x08007579   Thumb Code    16  stm32f10x_rtc.o(i.RTC_GetCounter)
    RTC_SetCounter                           0x0800758d   Thumb Code    24  stm32f10x_rtc.o(i.RTC_SetCounter)
    RTC_SetPrescaler                         0x080075a9   Thumb Code    26  stm32f10x_rtc.o(i.RTC_SetPrescaler)
    RTC_WaitForLastTask                      0x080075c9   Thumb Code    16  stm32f10x_rtc.o(i.RTC_WaitForLastTask)
    RTC_WaitForSynchro                       0x080075dd   Thumb Code    30  stm32f10x_rtc.o(i.RTC_WaitForSynchro)
    Start_Task                               0x080076e9   Thumb Code   144  freertos_demo.o(i.Start_Task)
    SysTick_Handler                          0x080077c5   Thumb Code    16  main.o(i.SysTick_Handler)
    SystemInit                               0x080077d5   Thumb Code    78  system_stm32f10x.o(i.SystemInit)
    TIM2_IRQHandler                          0x08007835   Thumb Code    24  timer.o(i.TIM2_IRQHandler)
    TIM_ClearFlag                            0x0800784d   Thumb Code     6  stm32f10x_tim.o(i.TIM_ClearFlag)
    TIM_GetITStatus                          0x08007853   Thumb Code    34  stm32f10x_tim.o(i.TIM_GetITStatus)
    Task1                                    0x08007875   Thumb Code   172  freertos_demo.o(i.Task1)
    Task2                                    0x08007935   Thumb Code   392  freertos_demo.o(i.Task2)
    Task3                                    0x08007ad1   Thumb Code    88  freertos_demo.o(i.Task3)
    USART1_IRQHandler                        0x08007b45   Thumb Code    44  serial.o(i.USART1_IRQHandler)
    USART_ClearITPendingBit                  0x08007b7d   Thumb Code    30  stm32f10x_usart.o(i.USART_ClearITPendingBit)
    USART_GetFlagStatus                      0x08007b9b   Thumb Code    26  stm32f10x_usart.o(i.USART_GetFlagStatus)
    USART_ReceiveData                        0x08007bb5   Thumb Code    10  stm32f10x_usart.o(i.USART_ReceiveData)
    UsageFault_Handler                       0x08007bbf   Thumb Code     4  stm32f10x_it.o(i.UsageFault_Handler)
    iic_cmd                                  0x08007bc3   Thumb Code    32  iic.o(i.iic_cmd)
    iic_init                                 0x08007be5   Thumb Code    90  iic.o(i.iic_init)
    iic_send_byte                            0x08007c45   Thumb Code    82  iic.o(i.iic_send_byte)
    iic_start                                0x08007c9d   Thumb Code    48  iic.o(i.iic_start)
    iic_stop                                 0x08007cd1   Thumb Code    36  iic.o(i.iic_stop)
    main                                     0x08007cf9   Thumb Code    30  main.o(i.main)
    pvPortMalloc                             0x080086ed   Thumb Code   208  heap_4.o(i.pvPortMalloc)
    pxPortInitialiseStack                    0x080087d1   Thumb Code    30  port.o(i.pxPortInitialiseStack)
    timer1_callback                          0x080087f5   Thumb Code    38  freertos_demo.o(i.timer1_callback)
    uxListRemove                             0x08008821   Thumb Code    40  list.o(i.uxListRemove)
    uxTaskGetNumberOfTasks                   0x08008849   Thumb Code     6  tasks.o(i.uxTaskGetNumberOfTasks)
    vListInitialise                          0x08008855   Thumb Code    26  list.o(i.vListInitialise)
    vListInitialiseItem                      0x0800886f   Thumb Code     6  list.o(i.vListInitialiseItem)
    vListInsert                              0x08008875   Thumb Code    52  list.o(i.vListInsert)
    vListInsertEnd                           0x080088a9   Thumb Code    24  list.o(i.vListInsertEnd)
    vPortEnterCritical                       0x080088c1   Thumb Code    30  port.o(i.vPortEnterCritical)
    vPortExitCritical                        0x080088e5   Thumb Code    28  port.o(i.vPortExitCritical)
    vPortFree                                0x08008905   Thumb Code    68  heap_4.o(i.vPortFree)
    vPortSetupTimerInterrupt                 0x08008951   Thumb Code    20  port.o(i.vPortSetupTimerInterrupt)
    vQueueWaitForMessageRestricted           0x08008969   Thumb Code    74  queue.o(i.vQueueWaitForMessageRestricted)
    vTaskDelay                               0x080089b5   Thumb Code    46  tasks.o(i.vTaskDelay)
    vTaskDelete                              0x080089e9   Thumb Code   174  tasks.o(i.vTaskDelete)
    vTaskInternalSetTimeOutState             0x08008abd   Thumb Code    14  tasks.o(i.vTaskInternalSetTimeOutState)
    vTaskMissedYield                         0x08008ad5   Thumb Code     8  tasks.o(i.vTaskMissedYield)
    vTaskPlaceOnEventList                    0x08008ae1   Thumb Code    28  tasks.o(i.vTaskPlaceOnEventList)
    vTaskPlaceOnEventListRestricted          0x08008b01   Thumb Code    70  tasks.o(i.vTaskPlaceOnEventListRestricted)
    vTaskResume                              0x08008b4d   Thumb Code   156  tasks.o(i.vTaskResume)
    vTaskStartScheduler                      0x08008bf9   Thumb Code    86  tasks.o(i.vTaskStartScheduler)
    vTaskSuspend                             0x08008c71   Thumb Code   188  tasks.o(i.vTaskSuspend)
    vTaskSuspendAll                          0x08008d49   Thumb Code    12  tasks.o(i.vTaskSuspendAll)
    vTaskSwitchContext                       0x08008d59   Thumb Code    76  tasks.o(i.vTaskSwitchContext)
    xPortGetFreeHeapSize                     0x08008db9   Thumb Code     6  heap_4.o(i.xPortGetFreeHeapSize)
    xPortStartScheduler                      0x08008dc5   Thumb Code    58  port.o(i.xPortStartScheduler)
    xPortSysTickHandler                      0x08008e09   Thumb Code    46  port.o(i.xPortSysTickHandler)
    xQueueGenericCreate                      0x08008e3d   Thumb Code    76  queue.o(i.xQueueGenericCreate)
    xQueueGenericReset                       0x08008e89   Thumb Code   156  queue.o(i.xQueueGenericReset)
    xQueueGenericSend                        0x08008f29   Thumb Code   322  queue.o(i.xQueueGenericSend)
    xQueueGenericSendFromISR                 0x08009071   Thumb Code   180  queue.o(i.xQueueGenericSendFromISR)
    xQueueReceive                            0x08009125   Thumb Code   256  queue.o(i.xQueueReceive)
    xTaskCheckForTimeOut                     0x08009229   Thumb Code    88  tasks.o(i.xTaskCheckForTimeOut)
    xTaskCreate                              0x08009289   Thumb Code   104  tasks.o(i.xTaskCreate)
    xTaskGetSchedulerState                   0x080092f1   Thumb Code    24  tasks.o(i.xTaskGetSchedulerState)
    xTaskGetTickCount                        0x08009311   Thumb Code     6  tasks.o(i.xTaskGetTickCount)
    xTaskIncrementTick                       0x0800931d   Thumb Code   356  tasks.o(i.xTaskIncrementTick)
    xTaskRemoveFromEventList                 0x080094ad   Thumb Code   240  tasks.o(i.xTaskRemoveFromEventList)
    xTaskResumeAll                           0x080095b5   Thumb Code   310  tasks.o(i.xTaskResumeAll)
    xTimerCreate                             0x08009711   Thumb Code    54  timers.o(i.xTimerCreate)
    xTimerCreateTimerTask                    0x08009749   Thumb Code    40  timers.o(i.xTimerCreateTimerTask)
    xTimerGenericCommand                     0x08009785   Thumb Code   102  timers.o(i.xTimerGenericCommand)
    OLED_F8x16                               0x080097f0   Data        1520  iic.o(.constdata)
    time_zifu                                0x08009de0   Data        2560  iic.o(.constdata)
    point                                    0x0800a7e0   Data          64  iic.o(.constdata)
    menu_img                                 0x0800a820   Data        2304  menu.o(.constdata)
    _monlen                                  0x0800b120   Data          12  _monlen.o(.constdata)
    Region$$Table$$Base                      0x0800b12c   Number         0  anon$$obj.o(Region$$Table)
    Region$$Table$$Limit                     0x0800b14c   Number         0  anon$$obj.o(Region$$Table)
    receive_data                             0x20000000   Data           1  serial.o(.data)
    receive_flag                             0x20000001   Data           1  serial.o(.data)
    key_count                                0x20000002   Data           1  key.o(.data)
    MyRTC_Time                               0x20000004   Data          12  myrtc.o(.data)
    start_task_handler                       0x20000010   Data           4  freertos_demo.o(.data)
    task1_handler                            0x20000014   Data           4  freertos_demo.o(.data)
    task2_handler                            0x20000018   Data           4  freertos_demo.o(.data)
    task3_handler                            0x2000001c   Data           4  freertos_demo.o(.data)
    time_count                               0x20000020   Data           2  freertos_demo.o(.data)
    timer1_handle                            0x20000024   Data           4  freertos_demo.o(.data)
    rec                                      0x20000028   Data           1  freertos_demo.o(.data)
    queue1                                   0x2000002c   Data           4  freertos_demo.o(.data)
    pxCurrentTCB                             0x2000004c   Data           4  tasks.o(.data)
    uxTopUsedPriority                        0x20000084   Data           4  tasks.o(.data)
    menu_list                                0x200000a4   Data          12  menu.o(.bss)
    menu_second_list                         0x200000b0   Data          24  menu.o(.bss)
    __libspace_start                         0x200045e4   Data          96  libspace.o(.bss)
    __temporary_stack_top$libspace           0x20004644   Data           0  libspace.o(.bss)



==============================================================================

Memory Map of the image

  Image Entry point : 0x080060ed

  Load Region LR_IROM1 (Base: 0x08006000, Size: 0x000051f0, Max: 0x0000a000, ABSOLUTE)

    Execution Region ER_IROM1 (Base: 0x08006000, Size: 0x0000514c, Max: 0x0000a000, ABSOLUTE)

    Base Addr    Size         Type   Attr      Idx    E Section Name        Object

    0x08006000   0x000000ec   Data   RO          121    RESET               startup_stm32f10x_md.o
    0x080060ec   0x00000008   Code   RO         5284  * !!!main             c_w.l(__main.o)
    0x080060f4   0x00000034   Code   RO         5504    !!!scatter          c_w.l(__scatter.o)
    0x08006128   0x0000001a   Code   RO         5506    !!handler_copy      c_w.l(__scatter_copy.o)
    0x08006142   0x00000002   PAD
    0x08006144   0x0000001c   Code   RO         5508    !!handler_zi        c_w.l(__scatter_zi.o)
    0x08006160   0x00000002   Code   RO         5444    .ARM.Collect$$libinit$$00000000  c_w.l(libinit.o)
    0x08006162   0x00000000   Code   RO         5335    .ARM.Collect$$libinit$$00000002  c_w.l(libinit2.o)
    0x08006162   0x00000000   Code   RO         5337    .ARM.Collect$$libinit$$00000004  c_w.l(libinit2.o)
    0x08006162   0x00000008   Code   RO         5338    .ARM.Collect$$libinit$$00000005  c_w.l(libinit2.o)
    0x0800616a   0x00000000   Code   RO         5340    .ARM.Collect$$libinit$$0000000A  c_w.l(libinit2.o)
    0x0800616a   0x00000000   Code   RO         5342    .ARM.Collect$$libinit$$0000000C  c_w.l(libinit2.o)
    0x0800616a   0x00000000   Code   RO         5344    .ARM.Collect$$libinit$$0000000E  c_w.l(libinit2.o)
    0x0800616a   0x00000000   Code   RO         5347    .ARM.Collect$$libinit$$00000011  c_w.l(libinit2.o)
    0x0800616a   0x00000000   Code   RO         5349    .ARM.Collect$$libinit$$00000013  c_w.l(libinit2.o)
    0x0800616a   0x00000000   Code   RO         5351    .ARM.Collect$$libinit$$00000015  c_w.l(libinit2.o)
    0x0800616a   0x00000000   Code   RO         5353    .ARM.Collect$$libinit$$00000017  c_w.l(libinit2.o)
    0x0800616a   0x00000000   Code   RO         5355    .ARM.Collect$$libinit$$00000019  c_w.l(libinit2.o)
    0x0800616a   0x00000000   Code   RO         5357    .ARM.Collect$$libinit$$0000001B  c_w.l(libinit2.o)
    0x0800616a   0x00000000   Code   RO         5359    .ARM.Collect$$libinit$$0000001D  c_w.l(libinit2.o)
    0x0800616a   0x00000000   Code   RO         5361    .ARM.Collect$$libinit$$0000001F  c_w.l(libinit2.o)
    0x0800616a   0x00000000   Code   RO         5363    .ARM.Collect$$libinit$$00000021  c_w.l(libinit2.o)
    0x0800616a   0x00000000   Code   RO         5365    .ARM.Collect$$libinit$$00000023  c_w.l(libinit2.o)
    0x0800616a   0x00000000   Code   RO         5367    .ARM.Collect$$libinit$$00000025  c_w.l(libinit2.o)
    0x0800616a   0x00000000   Code   RO         5371    .ARM.Collect$$libinit$$0000002C  c_w.l(libinit2.o)
    0x0800616a   0x00000000   Code   RO         5373    .ARM.Collect$$libinit$$0000002E  c_w.l(libinit2.o)
    0x0800616a   0x00000000   Code   RO         5375    .ARM.Collect$$libinit$$00000030  c_w.l(libinit2.o)
    0x0800616a   0x00000000   Code   RO         5377    .ARM.Collect$$libinit$$00000032  c_w.l(libinit2.o)
    0x0800616a   0x00000002   Code   RO         5378    .ARM.Collect$$libinit$$00000033  c_w.l(libinit2.o)
    0x0800616c   0x00000002   Code   RO         5501    .ARM.Collect$$libshutdown$$00000000  c_w.l(libshutdown.o)
    0x0800616e   0x00000000   Code   RO         5459    .ARM.Collect$$libshutdown$$00000003  c_w.l(libshutdown2.o)
    0x0800616e   0x00000000   Code   RO         5462    .ARM.Collect$$libshutdown$$00000006  c_w.l(libshutdown2.o)
    0x0800616e   0x00000000   Code   RO         5465    .ARM.Collect$$libshutdown$$00000009  c_w.l(libshutdown2.o)
    0x0800616e   0x00000000   Code   RO         5467    .ARM.Collect$$libshutdown$$0000000B  c_w.l(libshutdown2.o)
    0x0800616e   0x00000000   Code   RO         5470    .ARM.Collect$$libshutdown$$0000000E  c_w.l(libshutdown2.o)
    0x0800616e   0x00000002   Code   RO         5471    .ARM.Collect$$libshutdown$$0000000F  c_w.l(libshutdown2.o)
    0x08006170   0x00000000   Code   RO         5288    .ARM.Collect$$rtentry$$00000000  c_w.l(__rtentry.o)
    0x08006170   0x00000000   Code   RO         5385    .ARM.Collect$$rtentry$$00000002  c_w.l(__rtentry2.o)
    0x08006170   0x00000006   Code   RO         5397    .ARM.Collect$$rtentry$$00000004  c_w.l(__rtentry4.o)
    0x08006176   0x00000000   Code   RO         5387    .ARM.Collect$$rtentry$$00000009  c_w.l(__rtentry2.o)
    0x08006176   0x00000004   Code   RO         5388    .ARM.Collect$$rtentry$$0000000A  c_w.l(__rtentry2.o)
    0x0800617a   0x00000000   Code   RO         5390    .ARM.Collect$$rtentry$$0000000C  c_w.l(__rtentry2.o)
    0x0800617a   0x00000008   Code   RO         5391    .ARM.Collect$$rtentry$$0000000D  c_w.l(__rtentry2.o)
    0x08006182   0x00000002   Code   RO         5447    .ARM.Collect$$rtexit$$00000000  c_w.l(rtexit.o)
    0x08006184   0x00000000   Code   RO         5475    .ARM.Collect$$rtexit$$00000002  c_w.l(rtexit2.o)
    0x08006184   0x00000004   Code   RO         5476    .ARM.Collect$$rtexit$$00000003  c_w.l(rtexit2.o)
    0x08006188   0x00000006   Code   RO         5477    .ARM.Collect$$rtexit$$00000004  c_w.l(rtexit2.o)
    0x0800618e   0x00000002   PAD
    0x08006190   0x00000096   Code   RO         5101    .emb_text           port.o
    0x08006226   0x00000002   PAD
    0x08006228   0x00000000   Code   RO         5401    .emb_text           c_w.l(maybetermalloc1.o)
    0x08006228   0x00000040   Code   RO          122    .text               startup_stm32f10x_md.o
    0x08006268   0x0000005e   Code   RO         5176    .text               c_w.l(h1_alloc.o)
    0x080062c6   0x0000008a   Code   RO         5267    .text               c_w.l(rt_memcpy_v6.o)
    0x08006350   0x00000064   Code   RO         5269    .text               c_w.l(rt_memcpy_w.o)
    0x080063b4   0x00000010   Code   RO         5271    .text               c_w.l(aeabi_memset.o)
    0x080063c4   0x00000044   Code   RO         5273    .text               c_w.l(rt_memclr.o)
    0x08006408   0x0000004e   Code   RO         5275    .text               c_w.l(rt_memclr_w.o)
    0x08006456   0x00000002   PAD
    0x08006458   0x0000000c   Code   RO         5277    .text               c_w.l(localtime.o)
    0x08006464   0x000001a8   Code   RO         5280    .text               c_w.l(mktime.o)
    0x0800660c   0x00000006   Code   RO         5282    .text               c_w.l(heapauxi.o)
    0x08006612   0x00000002   PAD
    0x08006614   0x00000008   Code   RO         5292    .text               c_w.l(rt_heap_descriptor_intlibspace.o)
    0x0800661c   0x00000004   Code   RO         5294    .text               c_w.l(hguard.o)
    0x08006620   0x0000008a   Code   RO         5296    .text               c_w.l(init_alloc.o)
    0x080066aa   0x0000000e   Code   RO         5302    .text               c_w.l(h1_init.o)
    0x080066b8   0x0000004e   Code   RO         5304    .text               c_w.l(h1_free.o)
    0x08006706   0x00000002   PAD
    0x08006708   0x000000b8   Code   RO         5330    .text               c_w.l(localtime_internal.o)
    0x080067c0   0x00000008   Code   RO         5381    .text               c_w.l(libspace.o)
    0x080067c8   0x00000034   Code   RO         5403    .text               c_w.l(h1_extend.o)
    0x080067fc   0x0000000e   Code   RO         5409    .text               c_w.l(defsig_rtmem_outer.o)
    0x0800680a   0x00000002   Code   RO         5420    .text               c_w.l(use_no_semi.o)
    0x0800680c   0x00000000   Code   RO         5422    .text               c_w.l(indicate_semi.o)
    0x0800680c   0x0000004a   Code   RO         5423    .text               c_w.l(sys_stackheap_outer.o)
    0x08006856   0x0000000c   Code   RO         5429    .text               c_w.l(exit.o)
    0x08006862   0x0000000a   Code   RO         5431    .text               c_w.l(defsig_exit.o)
    0x0800686c   0x00000050   Code   RO         5433    .text               c_w.l(defsig_rtmem_inner.o)
    0x080068bc   0x0000000c   Code   RO         5445    .text               c_w.l(sys_exit.o)
    0x080068c8   0x00000032   Code   RO         5455    .text               c_w.l(defsig_general.o)
    0x080068fa   0x0000000e   Code   RO         5472    .text               c_w.l(sys_wrch.o)
    0x08006908   0x0000001c   Code   RO          406    i.BKP_ReadBackupRegister  stm32f10x_bkp.o
    0x08006924   0x0000001c   Code   RO          410    i.BKP_WriteBackupRegister  stm32f10x_bkp.o
    0x08006940   0x00000004   Code   RO         3848    i.BusFault_Handler  stm32f10x_it.o
    0x08006944   0x00000002   Code   RO         3849    i.DebugMon_Handler  stm32f10x_it.o
    0x08006946   0x00000002   PAD
    0x08006948   0x0000005c   Code   RO         3671    i.EXTI15_10_IRQHandler  key.o
    0x080069a4   0x00000054   Code   RO         3672    i.EXTI1_IRQHandler  key.o
    0x080069f8   0x00000054   Code   RO         3673    i.EXTI3_IRQHandler  key.o
    0x08006a4c   0x00000060   Code   RO         3674    i.EXTI9_5_IRQHandler  key.o
    0x08006aac   0x0000000c   Code   RO          939    i.EXTI_ClearITPendingBit  stm32f10x_exti.o
    0x08006ab8   0x00000028   Code   RO          943    i.EXTI_GetITStatus  stm32f10x_exti.o
    0x08006ae0   0x00000094   Code   RO          944    i.EXTI_Init         stm32f10x_exti.o
    0x08006b74   0x00000030   Code   RO         3893    i.FreeRTOS_Start    freertos_demo.o
    0x08006ba4   0x00000020   Code   RO         3942    i.Function_List     menu.o
    0x08006bc4   0x00000024   Code   RO         3943    i.Function_init     menu.o
    0x08006be8   0x0000000a   Code   RO         3944    i.Funtction_up_list  menu.o
    0x08006bf2   0x00000002   PAD
    0x08006bf4   0x00000040   Code   RO         1289    i.GPIO_EXTILineConfig  stm32f10x_gpio.o
    0x08006c34   0x00000116   Code   RO         1292    i.GPIO_Init         stm32f10x_gpio.o
    0x08006d4a   0x00000012   Code   RO         1296    i.GPIO_ReadInputDataBit  stm32f10x_gpio.o
    0x08006d5c   0x0000000a   Code   RO         1303    i.GPIO_WriteBit     stm32f10x_gpio.o
    0x08006d66   0x00000004   Code   RO         3850    i.HardFault_Handler  stm32f10x_it.o
    0x08006d6a   0x00000002   PAD
    0x08006d6c   0x000000e8   Code   RO         3675    i.Key_Init          key.o
    0x08006e54   0x00000004   Code   RO         3851    i.MemManage_Handler  stm32f10x_it.o
    0x08006e58   0x00000164   Code   RO         3945    i.Menu_Init         menu.o
    0x08006fbc   0x00000072   Code   RO         3753    i.MyRTC_Init        myrtc.o
    0x0800702e   0x00000002   PAD
    0x08007030   0x00000048   Code   RO         3754    i.MyRTC_ReadTime    myrtc.o
    0x08007078   0x0000004c   Code   RO         3755    i.MyRTC_SetTime     myrtc.o
    0x080070c4   0x00000002   Code   RO         3852    i.NMI_Handler       stm32f10x_it.o
    0x080070c6   0x00000002   PAD
    0x080070c8   0x00000070   Code   RO          137    i.NVIC_Init         misc.o
    0x08007138   0x00000014   Code   RO          138    i.NVIC_PriorityGroupConfig  misc.o
    0x0800714c   0x0000002a   Code   RO         3108    i.OLED_Clear        iic.o
    0x08007176   0x000000ae   Code   RO         3109    i.OLED_Init         iic.o
    0x08007224   0x00000014   Code   RO         3110    i.OLED_Pow          iic.o
    0x08007238   0x00000022   Code   RO         3111    i.OLED_SetCursor    iic.o
    0x0800725a   0x00000002   PAD
    0x0800725c   0x00000074   Code   RO         3113    i.OLED_ShowChar     iic.o
    0x080072d0   0x00000048   Code   RO         3115    i.OLED_ShowIMG      iic.o
    0x08007318   0x00000018   Code   RO         3116    i.OLED_ShowIMG_point  iic.o
    0x08007330   0x0000002a   Code   RO         3117    i.OLED_ShowIMG_zero  iic.o
    0x0800735a   0x00000044   Code   RO         3118    i.OLED_ShowNum      iic.o
    0x0800739e   0x00000028   Code   RO         3120    i.OLED_ShowString   iic.o
    0x080073c6   0x00000002   PAD
    0x080073c8   0x00000090   Code   RO         3121    i.OLED_Showtime     iic.o
    0x08007458   0x00000020   Code   RO         3122    i.OLED_WriteData    iic.o
    0x08007478   0x0000000c   Code   RO         1646    i.PWR_BackupAccessCmd  stm32f10x_pwr.o
    0x08007484   0x00000020   Code   RO         1708    i.RCC_APB1PeriphClockCmd  stm32f10x_rcc.o
    0x080074a4   0x00000020   Code   RO         1710    i.RCC_APB2PeriphClockCmd  stm32f10x_rcc.o
    0x080074c4   0x0000003c   Code   RO         1719    i.RCC_GetFlagStatus  stm32f10x_rcc.o
    0x08007500   0x00000034   Code   RO         1726    i.RCC_LSEConfig     stm32f10x_rcc.o
    0x08007534   0x0000000c   Code   RO         1733    i.RCC_RTCCLKCmd     stm32f10x_rcc.o
    0x08007540   0x00000010   Code   RO         1734    i.RCC_RTCCLKConfig  stm32f10x_rcc.o
    0x08007550   0x00000014   Code   RO         1908    i.RTC_EnterConfigMode  stm32f10x_rtc.o
    0x08007564   0x00000014   Code   RO         1909    i.RTC_ExitConfigMode  stm32f10x_rtc.o
    0x08007578   0x00000014   Code   RO         1910    i.RTC_GetCounter    stm32f10x_rtc.o
    0x0800758c   0x0000001c   Code   RO         1916    i.RTC_SetCounter    stm32f10x_rtc.o
    0x080075a8   0x00000020   Code   RO         1917    i.RTC_SetPrescaler  stm32f10x_rtc.o
    0x080075c8   0x00000014   Code   RO         1918    i.RTC_WaitForLastTask  stm32f10x_rtc.o
    0x080075dc   0x00000024   Code   RO         1919    i.RTC_WaitForSynchro  stm32f10x_rtc.o
    0x08007600   0x00000008   Code   RO            1    i.SetSysClock       system_stm32f10x.o
    0x08007608   0x000000e0   Code   RO            2    i.SetSysClockTo72   system_stm32f10x.o
    0x080076e8   0x000000dc   Code   RO         3894    i.Start_Task        freertos_demo.o
    0x080077c4   0x00000010   Code   RO         3783    i.SysTick_Handler   main.o
    0x080077d4   0x00000060   Code   RO            4    i.SystemInit        system_stm32f10x.o
    0x08007834   0x00000018   Code   RO         3983    i.TIM2_IRQHandler   timer.o
    0x0800784c   0x00000006   Code   RO         2336    i.TIM_ClearFlag     stm32f10x_tim.o
    0x08007852   0x00000022   Code   RO         2363    i.TIM_GetITStatus   stm32f10x_tim.o
    0x08007874   0x000000c0   Code   RO         3895    i.Task1             freertos_demo.o
    0x08007934   0x0000019c   Code   RO         3896    i.Task2             freertos_demo.o
    0x08007ad0   0x00000074   Code   RO         3897    i.Task3             freertos_demo.o
    0x08007b44   0x00000038   Code   RO         3371    i.USART1_IRQHandler  serial.o
    0x08007b7c   0x0000001e   Code   RO         2875    i.USART_ClearITPendingBit  stm32f10x_usart.o
    0x08007b9a   0x0000001a   Code   RO         2881    i.USART_GetFlagStatus  stm32f10x_usart.o
    0x08007bb4   0x0000000a   Code   RO         2892    i.USART_ReceiveData  stm32f10x_usart.o
    0x08007bbe   0x00000004   Code   RO         3853    i.UsageFault_Handler  stm32f10x_it.o
    0x08007bc2   0x00000020   Code   RO         3123    i.iic_cmd           iic.o
    0x08007be2   0x00000002   PAD
    0x08007be4   0x00000060   Code   RO         3126    i.iic_init          iic.o
    0x08007c44   0x00000058   Code   RO         3129    i.iic_send_byte     iic.o
    0x08007c9c   0x00000034   Code   RO         3130    i.iic_start         iic.o
    0x08007cd0   0x00000028   Code   RO         3131    i.iic_stop          iic.o
    0x08007cf8   0x00000028   Code   RO         3784    i.main              main.o
    0x08007d20   0x000000c0   Code   RO         4581    i.prvAddCurrentTaskToDelayedList  tasks.o
    0x08007de0   0x000000ec   Code   RO         4582    i.prvAddNewTaskToReadyList  tasks.o
    0x08007ecc   0x0000004c   Code   RO         4945    i.prvCheckForValidListAndQueue  timers.o
    0x08007f18   0x00000048   Code   RO         4583    i.prvCheckTasksWaitingTermination  tasks.o
    0x08007f60   0x0000002a   Code   RO         4226    i.prvCopyDataFromQueue  queue.o
    0x08007f8a   0x0000006a   Code   RO         4227    i.prvCopyDataToQueue  queue.o
    0x08007ff4   0x00000012   Code   RO         4584    i.prvDeleteTCB      tasks.o
    0x08008006   0x00000002   PAD
    0x08008008   0x00000028   Code   RO         4946    i.prvGetNextExpireTime  timers.o
    0x08008030   0x00000070   Code   RO         4123    i.prvHeapInit       heap_4.o
    0x080080a0   0x00000028   Code   RO         4585    i.prvIdleTask       tasks.o
    0x080080c8   0x0000002e   Code   RO         4228    i.prvInitialiseNewQueue  queue.o
    0x080080f6   0x00000088   Code   RO         4586    i.prvInitialiseNewTask  tasks.o
    0x0800817e   0x00000038   Code   RO         4947    i.prvInitialiseNewTimer  timers.o
    0x080081b6   0x00000002   PAD
    0x080081b8   0x00000068   Code   RO         4587    i.prvInitialiseTaskLists  tasks.o
    0x08008220   0x00000068   Code   RO         4124    i.prvInsertBlockIntoFreeList  heap_4.o
    0x08008288   0x00000058   Code   RO         4948    i.prvInsertTimerInActiveList  timers.o
    0x080082e0   0x0000001a   Code   RO         4229    i.prvIsQueueEmpty   queue.o
    0x080082fa   0x0000001e   Code   RO         4230    i.prvIsQueueFull    queue.o
    0x08008318   0x00000058   Code   RO         4231    i.prvNotifyQueueSetContainer  queue.o
    0x08008370   0x00000044   Code   RO         4949    i.prvProcessExpiredTimer  timers.o
    0x080083b4   0x000000f8   Code   RO         4950    i.prvProcessReceivedCommands  timers.o
    0x080084ac   0x00000074   Code   RO         4951    i.prvProcessTimerOrBlockTask  timers.o
    0x08008520   0x00000028   Code   RO         4952    i.prvReloadTimer    timers.o
    0x08008548   0x00000030   Code   RO         4589    i.prvResetNextTaskUnblockTime  tasks.o
    0x08008578   0x0000002c   Code   RO         4953    i.prvSampleTimeNow  timers.o
    0x080085a4   0x00000044   Code   RO         4954    i.prvSwitchTimerLists  timers.o
    0x080085e8   0x00000016   Code   RO         5102    i.prvTaskExitError  port.o
    0x080085fe   0x00000002   PAD
    0x08008600   0x00000040   Code   RO         4591    i.prvTaskIsTaskSuspended  tasks.o
    0x08008640   0x0000001a   Code   RO         4955    i.prvTimerTask      timers.o
    0x0800865a   0x00000090   Code   RO         4232    i.prvUnlockQueue    queue.o
    0x080086ea   0x00000002   PAD
    0x080086ec   0x000000e4   Code   RO         4126    i.pvPortMalloc      heap_4.o
    0x080087d0   0x00000024   Code   RO         5103    i.pxPortInitialiseStack  port.o
    0x080087f4   0x0000002c   Code   RO         3898    i.timer1_callback   freertos_demo.o
    0x08008820   0x00000028   Code   RO         4190    i.uxListRemove      list.o
    0x08008848   0x0000000c   Code   RO         4595    i.uxTaskGetNumberOfTasks  tasks.o
    0x08008854   0x0000001a   Code   RO         4191    i.vListInitialise   list.o
    0x0800886e   0x00000006   Code   RO         4192    i.vListInitialiseItem  list.o
    0x08008874   0x00000034   Code   RO         4193    i.vListInsert       list.o
    0x080088a8   0x00000018   Code   RO         4194    i.vListInsertEnd    list.o
    0x080088c0   0x00000024   Code   RO         5105    i.vPortEnterCritical  port.o
    0x080088e4   0x00000020   Code   RO         5106    i.vPortExitCritical  port.o
    0x08008904   0x0000004c   Code   RO         4127    i.vPortFree         heap_4.o
    0x08008950   0x00000018   Code   RO         5107    i.vPortSetupTimerInterrupt  port.o
    0x08008968   0x0000004a   Code   RO         4240    i.vQueueWaitForMessageRestricted  queue.o
    0x080089b2   0x00000002   PAD
    0x080089b4   0x00000034   Code   RO         4601    i.vTaskDelay        tasks.o
    0x080089e8   0x000000d4   Code   RO         4602    i.vTaskDelete       tasks.o
    0x08008abc   0x00000018   Code   RO         4606    i.vTaskInternalSetTimeOutState  tasks.o
    0x08008ad4   0x0000000c   Code   RO         4608    i.vTaskMissedYield  tasks.o
    0x08008ae0   0x00000020   Code   RO         4609    i.vTaskPlaceOnEventList  tasks.o
    0x08008b00   0x0000004c   Code   RO         4610    i.vTaskPlaceOnEventListRestricted  tasks.o
    0x08008b4c   0x000000ac   Code   RO         4614    i.vTaskResume       tasks.o
    0x08008bf8   0x00000078   Code   RO         4617    i.vTaskStartScheduler  tasks.o
    0x08008c70   0x000000d8   Code   RO         4618    i.vTaskSuspend      tasks.o
    0x08008d48   0x00000010   Code   RO         4619    i.vTaskSuspendAll   tasks.o
    0x08008d58   0x00000060   Code   RO         4620    i.vTaskSwitchContext  tasks.o
    0x08008db8   0x0000000c   Code   RO         4130    i.xPortGetFreeHeapSize  heap_4.o
    0x08008dc4   0x00000044   Code   RO         5108    i.xPortStartScheduler  port.o
    0x08008e08   0x00000034   Code   RO         5109    i.xPortSysTickHandler  port.o
    0x08008e3c   0x0000004c   Code   RO         4243    i.xQueueGenericCreate  queue.o
    0x08008e88   0x000000a0   Code   RO         4244    i.xQueueGenericReset  queue.o
    0x08008f28   0x00000148   Code   RO         4245    i.xQueueGenericSend  queue.o
    0x08009070   0x000000b4   Code   RO         4246    i.xQueueGenericSendFromISR  queue.o
    0x08009124   0x00000104   Code   RO         4252    i.xQueueReceive     queue.o
    0x08009228   0x00000060   Code   RO         4622    i.xTaskCheckForTimeOut  tasks.o
    0x08009288   0x00000068   Code   RO         4623    i.xTaskCreate       tasks.o
    0x080092f0   0x00000020   Code   RO         4630    i.xTaskGetSchedulerState  tasks.o
    0x08009310   0x0000000c   Code   RO         4631    i.xTaskGetTickCount  tasks.o
    0x0800931c   0x00000190   Code   RO         4633    i.xTaskIncrementTick  tasks.o
    0x080094ac   0x00000108   Code   RO         4634    i.xTaskRemoveFromEventList  tasks.o
    0x080095b4   0x0000015c   Code   RO         4635    i.xTaskResumeAll    tasks.o
    0x08009710   0x00000036   Code   RO         4962    i.xTimerCreate      timers.o
    0x08009746   0x00000002   PAD
    0x08009748   0x0000003c   Code   RO         4963    i.xTimerCreateTimerTask  timers.o
    0x08009784   0x0000006c   Code   RO         4964    i.xTimerGenericCommand  timers.o
    0x080097f0   0x00001030   Data   RO         3132    .constdata          iic.o
    0x0800a820   0x00000900   Data   RO         3947    .constdata          menu.o
    0x0800b120   0x0000000c   Data   RO         5329    .constdata          c_w.l(_monlen.o)
    0x0800b12c   0x00000020   Data   RO         5502    Region$$Table       anon$$obj.o


    Execution Region RW_IRAM1 (Base: 0x20000000, Size: 0x00004c48, Max: 0x00005000, ABSOLUTE)

    Base Addr    Size         Type   Attr      Idx    E Section Name        Object

    0x20000000   0x00000002   Data   RW         3375    .data               serial.o
    0x20000002   0x00000001   Data   RW         3676    .data               key.o
    0x20000003   0x00000001   PAD
    0x20000004   0x0000000c   Data   RW         3756    .data               myrtc.o
    0x20000010   0x00000020   Data   RW         3899    .data               freertos_demo.o
    0x20000030   0x0000001c   Data   RW         4133    .data               heap_4.o
    0x2000004c   0x00000040   Data   RW         4638    .data               tasks.o
    0x2000008c   0x00000014   Data   RW         4971    .data               timers.o
    0x200000a0   0x00000004   Data   RW         5110    .data               port.o
    0x200000a4   0x00000024   Zero   RW         3946    .bss                menu.o
    0x200000c8   0x00004400   Zero   RW         4132    .bss                heap_4.o
    0x200044c8   0x000000c8   Zero   RW         4637    .bss                tasks.o
    0x20004590   0x00000028   Zero   RW         4970    .bss                timers.o
    0x200045b8   0x0000002c   Zero   RW         5278    .bss                c_w.l(localtime.o)
    0x200045e4   0x00000060   Zero   RW         5382    .bss                c_w.l(libspace.o)
    0x20004644   0x00000004   PAD
    0x20004648   0x00000200   Zero   RW          120    HEAP                startup_stm32f10x_md.o
    0x20004848   0x00000400   Zero   RW          119    STACK               startup_stm32f10x_md.o


==============================================================================

Image component sizes


      Code (inc. data)   RO Data    RW Data    ZI Data      Debug   Object Name

         0          0          0          0          0      14396   event_groups.o
      1032        170          0         32          0       5963   freertos_demo.o
       532         64          0         28      17408       4590   heap_4.o
      1116         38       4144          0          0       9044   iic.o
       588         74          0          1          0      19137   key.o
       148          0          0          0          0       2854   list.o
        56         10          0          0          0       1401   main.o
       434        102       2304          0         36       3098   menu.o
       132         22          0          0          0       1883   misc.o
       262         10          0         12          0       2959   myrtc.o
       420         48          0          4          0       8600   port.o
      1560         14          0          0          0      13951   queue.o
        56         12          0          2          0        672   serial.o
        64         26        236          0       1536        996   startup_stm32f10x_md.o
        56         10          0          0          0       2555   stm32f10x_bkp.o
       200         18          0          0          0       2548   stm32f10x_exti.o
       370          4          0          0          0       4306   stm32f10x_gpio.o
        20          0          0          0          0       2345   stm32f10x_it.o
        12          6          0          0          0        610   stm32f10x_pwr.o
       204         32          0          0          0       3913   stm32f10x_rcc.o
       176         34          0          0          0       4171   stm32f10x_rtc.o
        40          0          0          0          0       2082   stm32f10x_tim.o
        66          0          0          0          0       3672   stm32f10x_usart.o
       328         28          0          0          0     248457   system_stm32f10x.o
      3206        432          0         64        200      32346   tasks.o
        24          0          0          0          0        414   timer.o
      1092        106          0         20         40      12038   timers.o

    ----------------------------------------------------------------------
     12224       1260       6716        164      19220     409001   Object Totals
         0          0         32          0          0          0   (incl. Generated)
        30          0          0          1          0          0   (incl. Padding)

    ----------------------------------------------------------------------

      Code (inc. data)   RO Data    RW Data    ZI Data      Debug   Library Member Name

         8          0          0          0          0         68   __main.o
         0          0          0          0          0          0   __rtentry.o
        12          0          0          0          0          0   __rtentry2.o
         6          0          0          0          0          0   __rtentry4.o
        52          8          0          0          0          0   __scatter.o
        26          0          0          0          0          0   __scatter_copy.o
        28          0          0          0          0          0   __scatter_zi.o
         0          0         12          0          0          0   _monlen.o
        16          0          0          0          0         68   aeabi_memset.o
        10          0          0          0          0         68   defsig_exit.o
        50          0          0          0          0         88   defsig_general.o
        80         58          0          0          0         76   defsig_rtmem_inner.o
        14          0          0          0          0         80   defsig_rtmem_outer.o
        12          0          0          0          0         72   exit.o
        94          0          0          0          0         80   h1_alloc.o
        52          0          0          0          0         68   h1_extend.o
        78          0          0          0          0         80   h1_free.o
        14          0          0          0          0         84   h1_init.o
         6          0          0          0          0        152   heapauxi.o
         4          0          0          0          0        136   hguard.o
         0          0          0          0          0          0   indicate_semi.o
       138          0          0          0          0        168   init_alloc.o
         2          0          0          0          0          0   libinit.o
        10          0          0          0          0          0   libinit2.o
         2          0          0          0          0          0   libshutdown.o
         2          0          0          0          0          0   libshutdown2.o
         8          4          0          0         96         68   libspace.o
        12          6          0          0         44         68   localtime.o
       184          6          0          0          0         80   localtime_internal.o
         0          0          0          0          0          0   maybetermalloc1.o
       424         10          0          0          0        124   mktime.o
         8          4          0          0          0         68   rt_heap_descriptor_intlibspace.o
        68          0          0          0          0         68   rt_memclr.o
        78          0          0          0          0         80   rt_memclr_w.o
       138          0          0          0          0         68   rt_memcpy_v6.o
       100          0          0          0          0         80   rt_memcpy_w.o
         2          0          0          0          0          0   rtexit.o
        10          0          0          0          0          0   rtexit2.o
        12          4          0          0          0         68   sys_exit.o
        74          0          0          0          0         80   sys_stackheap_outer.o
        14          0          0          0          0         76   sys_wrch.o
         2          0          0          0          0         68   use_no_semi.o

    ----------------------------------------------------------------------
      1860        100         12          0        144       2284   Library Totals
        10          0          0          0          4          0   (incl. Padding)

    ----------------------------------------------------------------------

      Code (inc. data)   RO Data    RW Data    ZI Data      Debug   Library Name

      1850        100         12          0        140       2284   c_w.l

    ----------------------------------------------------------------------
      1860        100         12          0        144       2284   Library Totals

    ----------------------------------------------------------------------

==============================================================================


      Code (inc. data)   RO Data    RW Data    ZI Data      Debug   

     14084       1360       6728        164      19364     402493   Grand Totals
     14084       1360       6728        164      19364     402493   ELF Image Totals
     14084       1360       6728        164          0          0   ROM Totals

==============================================================================

    Total RO  Size (Code + RO Data)                20812 (  20.32kB)
    Total RW  Size (RW Data + ZI Data)             19528 (  19.07kB)
    Total ROM Size (Code + RO Data + RW Data)      20976 (  20.48kB)

==============================================================================

