<html>
<body>
<pre>
<h1>µVision Build Log</h1>
<h2>Tool Versions:</h2>
IDE-Version: ¦ÌVision V5.14.0.0
Copyright (C) 2015 ARM Ltd and ARM Germany GmbH. All rights reserved.
License Information: 1 win, 1, LIC=8VRJ7-E53KL-MMP9I-TNEEZ-G89HA-CXFD9
 
Tool Versions:
Toolchain:       MDK-ARM Standard  Version: 5.14.0.0
Toolchain Path:  D:\KEIL\ARM\ARMCC\Bin
C Compiler:      Armcc.exe V5.05 update 1 (build 106)
Assembler:       Armasm.exe V5.05 update 1 (build 106)
Linker/Locator:  ArmLink.exe V5.05 update 1 (build 106)
Library Manager: ArmAr.exe V5.05 update 1 (build 106)
Hex Converter:   FromElf.exe V5.05 update 1 (build 106)
CPU DLL:         SARMCM3.DLL V5.14.0.0
Dialog DLL:      DCM.DLL V1.13.1.0
Target DLL:      STLink\ST-LINKIII-KEIL_SWO.dll V2.0.14.0_KEIL
Dialog DLL:      TCM.DLL V1.14.4.0
 
<h2>Project:</h2>
E:\stm_project\bootloader\Project.uvprojx
Project File Date:  09/14/2024

<h2>Output:</h2>
Build target 'Target 1'
compiling main.c...
User\main.c(55): warning:  #1-D: last line of file ends without a newline
        }
User\main.c: 1 warning, 0 errors
linking...
Program Size: Code=3008 RO-data=1788 RW-data=28 ZI-data=1124  
FromELF: creating hex file...
After Build - User command #1: D:\KEIL\ARM\ARMCC\bin\fromelf.exe   --bin -o ..\Objects\Project.bin   E:\stm_project\bootloader\Objects\Project.axf
".\Objects\Project.axf" - 0 Error(s), 1 Warning(s).

<h2>Collection of Component include folders:</h2>
  E:\stm_project\bootloader\RTE
  D:\KEIL\ARM\PACK\Keil\STM32F1xx_DFP\2.2.0

<h2>Collection of Component Files used:</h2>
</pre>
</body>
</html>
